// Vitest Snapshot v1, https://vitest.dev/guide/snapshot.html

exports[`betterer cli > should enable automerge configuration 1`] = `
"# Betterer merge
.betterer.results merge=betterer
"
`;

exports[`betterer cli > should enable automerge configuration 2`] = `
"[merge "betterer"]
	driver = ../../../../packages/cli/bin/betterer.js merge %A %B
"
`;

exports[`betterer cli > should enable automerge configuration 3`] = `
[
  "ðŸŽ‰ Initialising Betterer (0ms): 3 tasks done!
âœ… Create test file: done!
ãƒ» created "fixtures/init-automerge/.betterer.ts"!
âœ… Update package.json: done!
âœ… Enable automerge: done!
ãƒ» added Betterer merge config to "fixtures/init-automerge/.git/config"!
ãƒ» added Betterer merge attribute to "fixtures/init-automerge/.gitattributes"!",
  "ðŸŽ‰ Initialising Betterer (0ms): 3 tasks done!
âœ… Create test file: done!
ãƒ» created "fixtures/init-automerge/.betterer.ts"!
âœ… Update package.json: done!
ãƒ» added "betterer" script to package.json file
ãƒ» added "@betterer/cli" dependency to package.json file
ãƒ» added "typescript" dependency to package.json file
âœ… Enable automerge: done!
ãƒ» added Betterer merge config to "fixtures/init-automerge/.git/config"!
ãƒ» added Betterer merge attribute to "fixtures/init-automerge/.gitattributes"!",
]
`;
