// Vitest Snapshot v1, https://vitest.dev/guide/snapshot.html

exports[`betterer cli > should enable automerge configuration without git 1`] = `
[
  "ðŸ’¥ Initialising Betterer (0ms): 3 tasks done! 1 task errored!
âœ… Create test file: done!
ãƒ» created "fixtures/init-automerge-no-git/.betterer.ts"!
âœ… Update package.json: done!
ðŸ”¥ Enable automerge: ".git" directory not found in "/". \`--automerge\` only works within a Git repository.

Error: ".git" directory not found in "/". \`--automerge\` only works within a Git repository.",
  "ðŸ’¥ Initialising Betterer (0ms): 3 tasks done! 1 task errored!
âœ… Create test file: done!
ãƒ» created "fixtures/init-automerge-no-git/.betterer.ts"!
âœ… Update package.json: done!
ãƒ» added "betterer" script to package.json file
ãƒ» added "@betterer/cli" dependency to package.json file
ãƒ» added "typescript" dependency to package.json file
ðŸ”¥ Enable automerge: ".git" directory not found in "/". \`--automerge\` only works within a Git repository.

Error: ".git" directory not found in "/". \`--automerge\` only works within a Git repository.",
]
`;
