// Jest Snapshot v1, https://goo.gl/fbAQLP

exports[`betterer cli should initialise betterer in a repo with TS 1`] = `
Array [
  "
   / | /     _         _   _
 '-.ooo.-'  | |__  ___| |_| |_ ___ _ __ ___ _ __
---ooooo--- | '_ // _ / __| __/ _ / '__/ _ / '__|
 .-'ooo'-.  | |_)|  __/ |_| ||  __/ | |  __/ |
   / | /    |_.__//___|/__|/__/___|_|  /___|_|

ðŸŽ‰ Initialising Betterer (0ms): 2 tasks done!
âœ… Create test file: done!
ãƒ» created \\"<project>/fixtures/init-ts/.betterer.ts\\"!
âœ… Update package.json: done!
ãƒ» added \\"betterer\\" script to package.json file.
ãƒ» added \\"@betterer/cli\\" dependency to package.json file
ãƒ» added \\"typescript\\" dependency to package.json file",
]
`;
