// Jest Snapshot v1, https://goo.gl/fbAQLP

exports[`betterer precommit should not update the changeset when a test gets worse 1`] = `
Array [
  "
   / | /     _         _   _
 '-.ooo.-'  | |__  ___| |_| |_ ___ _ __ ___ _ __
---ooooo--- | '_ // _ / __| __/ _ / '__/ _ / '__|
 .-'ooo'-.  | |_)|  __/ |_| ||  __/ | |  __/ |
   / | /    |_.__//___|/__|/__/___|_|  /___|_|
",
  "
   / | /     _         _   _
 '-.ooo.-'  | |__  ___| |_| |_ ___ _ __ ___ _ __
---ooooo--- | '_ // _ / __| __/ _ / '__/ _ / '__|
 .-'ooo'-.  | |_)|  __/ |_| ||  __/ | |  __/ |
   / | /    |_.__//___|/__|/__/___|_|  /___|_|

ðŸŒŸ Betterer (0ms):
",
  "
   / | /     _         _   _
 '-.ooo.-'  | |__  ___| |_| |_ ___ _ __ ___ _ __
---ooooo--- | '_ // _ / __| __/ _ / '__/ _ / '__|
 .-'ooo'-.  | |_)|  __/ |_| ||  __/ | |  __/ |
   / | /    |_.__//___|/__|/__/___|_|  /___|_|

ðŸŒŸ Betterer (0ms): 1 test running...
ðŸ¤” test: running \\"test\\"!
",
  "
   / | /     _         _   _
 '-.ooo.-'  | |__  ___| |_| |_ ___ _ __ ___ _ __
---ooooo--- | '_ // _ / __| __/ _ / '__/ _ / '__|
 .-'ooo'-.  | |_)|  __/ |_| ||  __/ | |  __/ |
   / | /    |_.__//___|/__|/__/___|_|  /___|_|

ðŸŒŸ Betterer (0ms): 1 test running...
âœ… test: \\"test\\" got checked for the first time! (1 issue) ðŸŽ‰
",
  "
   / | /     _         _   _
 '-.ooo.-'  | |__  ___| |_| |_ ___ _ __ ___ _ __
---ooooo--- | '_ // _ / __| __/ _ / '__/ _ / '__|
 .-'ooo'-.  | |_)|  __/ |_| ||  __/ | |  __/ |
   / | /    |_.__//___|/__|/__/___|_|  /___|_|

ðŸŽ‰ Betterer (0ms): 1 test done!
âœ… test: \\"test\\" got checked for the first time! (1 issue) ðŸŽ‰
",
  "
   / | /     _         _   _
 '-.ooo.-'  | |__  ___| |_| |_ ___ _ __ ___ _ __
---ooooo--- | '_ // _ / __| __/ _ / '__/ _ / '__|
 .-'ooo'-.  | |_)|  __/ |_| ||  __/ | |  __/ |
   / | /    |_.__//___|/__|/__/___|_|  /___|_|

ðŸŽ‰ Betterer (0ms): 1 test done!
âœ… test: \\"test\\" got checked for the first time! (1 issue) ðŸŽ‰

1 test got checked. ðŸ¤”
1 test got checked for the first time! ðŸŽ‰
",
  "
   / | /     _         _   _
 '-.ooo.-'  | |__  ___| |_| |_ ___ _ __ ___ _ __
---ooooo--- | '_ // _ / __| __/ _ / '__/ _ / '__|
 .-'ooo'-.  | |_)|  __/ |_| ||  __/ | |  __/ |
   / | /    |_.__//___|/__|/__/___|_|  /___|_|
",
  "
   / | /     _         _   _
 '-.ooo.-'  | |__  ___| |_| |_ ___ _ __ ___ _ __
---ooooo--- | '_ // _ / __| __/ _ / '__/ _ / '__|
 .-'ooo'-.  | |_)|  __/ |_| ||  __/ | |  __/ |
   / | /    |_.__//___|/__|/__/___|_|  /___|_|

ðŸŒŸ Betterer (0ms):
",
  "
   / | /     _         _   _
 '-.ooo.-'  | |__  ___| |_| |_ ___ _ __ ___ _ __
---ooooo--- | '_ // _ / __| __/ _ / '__/ _ / '__|
 .-'ooo'-.  | |_)|  __/ |_| ||  __/ | |  __/ |
   / | /    |_.__//___|/__|/__/___|_|  /___|_|

ðŸŒŸ Betterer (0ms): 1 test running...
ðŸ¤” test: running \\"test\\"!
",
  "
   / | /     _         _   _
 '-.ooo.-'  | |__  ___| |_| |_ ___ _ __ ___ _ __
---ooooo--- | '_ // _ / __| __/ _ / '__/ _ / '__|
 .-'ooo'-.  | |_)|  __/ |_| ||  __/ | |  __/ |
   / | /    |_.__//___|/__|/__/___|_|  /___|_|

ðŸŒŸ Betterer (0ms): 1 test running...
ðŸ”¥ test: \\"test\\" got worse. (1 new issue, 2 total) ðŸ˜”
",
  "
   / | /     _         _   _
 '-.ooo.-'  | |__  ___| |_| |_ ___ _ __ ___ _ __
---ooooo--- | '_ // _ / __| __/ _ / '__/ _ / '__|
 .-'ooo'-.  | |_)|  __/ |_| ||  __/ | |  __/ |
   / | /    |_.__//___|/__|/__/___|_|  /___|_|

ðŸŒŸ Betterer (0ms): 1 test running...
ðŸ”¥ test: \\"test\\" got worse. (1 new issue, 2 total) ðŸ˜”
ãƒ» 1 existing issue in \\"<project>/fixtures/precommit-worse/src/index.ts\\".
ãƒ» New issue in \\"<project>/fixtures/precommit-worse/src/index.ts\\"!
ãƒ»
ãƒ»   <project>/fixtures/precommit-worse/src/index.ts
ãƒ»   2 | const one = 1;
ãƒ»   3 | console.log(one * a);
ãƒ» > 4 | console.log(a * one);
ãƒ»     |             ^ The left-hand side of an arithmetic operation must be of type 'any', 'number', 'bigint' or an enum type.
ãƒ»

Error: \\"test\\" got worse. (1 new issue, 2 total) ðŸ˜”
",
  "
   / | /     _         _   _
 '-.ooo.-'  | |__  ___| |_| |_ ___ _ __ ___ _ __
---ooooo--- | '_ // _ / __| __/ _ / '__/ _ / '__|
 .-'ooo'-.  | |_)|  __/ |_| ||  __/ | |  __/ |
   / | /    |_.__//___|/__|/__/___|_|  /___|_|

ðŸ’¥ Betterer (0ms): 1 test done! 1 test errored!
ðŸ”¥ test: \\"test\\" got worse. (1 new issue, 2 total) ðŸ˜”
ãƒ» 1 existing issue in \\"<project>/fixtures/precommit-worse/src/index.ts\\".
ãƒ» New issue in \\"<project>/fixtures/precommit-worse/src/index.ts\\"!
ãƒ»
ãƒ»   <project>/fixtures/precommit-worse/src/index.ts
ãƒ»   2 | const one = 1;
ãƒ»   3 | console.log(one * a);
ãƒ» > 4 | console.log(a * one);
ãƒ»     |             ^ The left-hand side of an arithmetic operation must be of type 'any', 'number', 'bigint' or an enum type.
ãƒ»

Error: \\"test\\" got worse. (1 new issue, 2 total) ðŸ˜”
",
  "
   / | /     _         _   _
 '-.ooo.-'  | |__  ___| |_| |_ ___ _ __ ___ _ __
---ooooo--- | '_ // _ / __| __/ _ / '__/ _ / '__|
 .-'ooo'-.  | |_)|  __/ |_| ||  __/ | |  __/ |
   / | /    |_.__//___|/__|/__/___|_|  /___|_|

ðŸ’¥ Betterer (0ms): 1 test done! 1 test errored!
ðŸ”¥ test: \\"test\\" got worse. (1 new issue, 2 total) ðŸ˜”
ãƒ» 1 existing issue in \\"<project>/fixtures/precommit-worse/src/index.ts\\".
ãƒ» New issue in \\"<project>/fixtures/precommit-worse/src/index.ts\\"!
ãƒ»
ãƒ»   <project>/fixtures/precommit-worse/src/index.ts
ãƒ»   2 | const one = 1;
ãƒ»   3 | console.log(one * a);
ãƒ» > 4 | console.log(a * one);
ãƒ»     |             ^ The left-hand side of an arithmetic operation must be of type 'any', 'number', 'bigint' or an enum type.
ãƒ»

Error: \\"test\\" got worse. (1 new issue, 2 total) ðŸ˜”

1 test got checked. ðŸ¤”
1 test got worse. ðŸ˜”

",
]
`;
