// Vitest Snapshot v1, https://vitest.dev/guide/snapshot.html

exports[`betterer precommit > should not update the changeset when a test fails 1`] = `
[
  "ğŸŒŸ Betterer (0ms):
",
  "ğŸŒŸ Betterer (0ms): 1 test running...
ğŸ¤” throws: running "throws"!
",
  "ğŸ’¥ Betterer (0ms): 1 test done! 1 test errored!
ğŸ”¥ throws:
",
  "ğŸ’¥ Betterer (0ms): 1 test done! 1 test errored!
ğŸ”¥ throws:

Error:

0 tests got checked. ğŸ¤”
1 test failed to run. ğŸ”¥
",
]
`;
