// Vitest Snapshot v1, https://vitest.dev/guide/snapshot.html

exports[`betterer upgrade > should upgrade exported constant built-in tests in a CommonJS module 1`] = `
[
  "ðŸŽ‰ Upgrading Betterer (0ms): 1 task done!
âœ… Upgrading "./.betterer.js": done!
ãƒ»
ãƒ» Betterer can upgrade your test definition file automatically! âœ¨
ãƒ» Here's what the changes will look like:
ãƒ»
ãƒ» - Before
ãƒ» + After
ãƒ»
ãƒ» - const { regexp } = require('@betterer/regexp');
ãƒ» + const { regexp } = require("@betterer/regexp");
ãƒ»
ãƒ» - module.exports.noHack = regexp(/HACK/i).include('**/*.ts');
ãƒ» + module.exports.noHack = () => regexp(/HACK/i).include("**/*.ts");
ãƒ» +
ãƒ»
ãƒ» If that looks okay, run \`betterer upgrade --save\` to write the changes to disk. ðŸ’¾
ãƒ»",
]
`;
