// Jest Snapshot v1, https://goo.gl/fbAQLP

exports[`betterer upgrade should doesn't change things it doesn't need to change 1`] = `
Array [
  "ðŸŽ‰ Upgrading Betterer (0ms): 1 task done!
âœ… Upgrading \\"./.betterer.ts\\": done!
ãƒ» Nothing to upgrade!",
]
`;
