// Jest Snapshot v1, https://goo.gl/fbAQLP

exports[`betterer.watch should run in watch mode 1`] = `
Array [
  "
   / | /     _         _   _
 '-.ooo.-'  | |__  ___| |_| |_ ___ _ __ ___ _ __
---ooooo--- | '_ // _ / __| __/ _ / '__/ _ / '__|
 .-'ooo'-.  | |_)|  __/ |_| ||  __/ | |  __/ |
   / | /    |_.__//___|/__|/__/___|_|  /___|_|
",
  "
   / | /     _         _   _
 '-.ooo.-'  | |__  ___| |_| |_ ___ _ __ ___ _ __
---ooooo--- | '_ // _ / __| __/ _ / '__/ _ / '__|
 .-'ooo'-.  | |_)|  __/ |_| ||  __/ | |  __/ |
   / | /    |_.__//___|/__|/__/___|_|  /___|_|

🌟 Betterer (0ms):
",
  "
   / | /     _         _   _
 '-.ooo.-'  | |__  ___| |_| |_ ___ _ __ ___ _ __
---ooooo--- | '_ // _ / __| __/ _ / '__/ _ / '__|
 .-'ooo'-.  | |_)|  __/ |_| ||  __/ | |  __/ |
   / | /    |_.__//___|/__|/__/___|_|  /___|_|

🌟 Betterer (0ms): 1 test running...
🤔 test: running \\"test\\"!
",
  "
   / | /     _         _   _
 '-.ooo.-'  | |__  ___| |_| |_ ___ _ __ ___ _ __
---ooooo--- | '_ // _ / __| __/ _ / '__/ _ / '__|
 .-'ooo'-.  | |_)|  __/ |_| ||  __/ | |  __/ |
   / | /    |_.__//___|/__|/__/___|_|  /___|_|

🌟 Betterer (0ms): 1 test running...
✅ test: \\"test\\" got checked for the first time! (2 issues) 🎉
",
  "
   / | /     _         _   _
 '-.ooo.-'  | |__  ___| |_| |_ ___ _ __ ___ _ __
---ooooo--- | '_ // _ / __| __/ _ / '__/ _ / '__|
 .-'ooo'-.  | |_)|  __/ |_| ||  __/ | |  __/ |
   / | /    |_.__//___|/__|/__/___|_|  /___|_|

🎉 Betterer (0ms): 1 test done!
✅ test: \\"test\\" got checked for the first time! (2 issues) 🎉
",
  "
   / | /     _         _   _
 '-.ooo.-'  | |__  ___| |_| |_ ___ _ __ ___ _ __
---ooooo--- | '_ // _ / __| __/ _ / '__/ _ / '__|
 .-'ooo'-.  | |_)|  __/ |_| ||  __/ | |  __/ |
   / | /    |_.__//___|/__|/__/___|_|  /___|_|

🎉 Betterer (0ms): 1 test done!
✅ test: \\"test\\" got checked for the first time! (2 issues) 🎉

1 test got checked. 🤔
1 test got checked for the first time! 🎉
",
  "
   / | /     _         _   _
 '-.ooo.-'  | |__  ___| |_| |_ ___ _ __ ___ _ __
---ooooo--- | '_ // _ / __| __/ _ / '__/ _ / '__|
 .-'ooo'-.  | |_)|  __/ |_| ||  __/ | |  __/ |
   / | /    |_.__//___|/__|/__/___|_|  /___|_|

Filters (press \\"f\\" to edit): No current filter patterns
Ignores (press \\"i\\" to edit): No current ignore patterns

Starting Betterer in watch mode! 🎉

(press \\"q\\" to quit)
",
  "
   / | /     _         _   _
 '-.ooo.-'  | |__  ___| |_| |_ ___ _ __ ___ _ __
---ooooo--- | '_ // _ / __| __/ _ / '__/ _ / '__|
 .-'ooo'-.  | |_)|  __/ |_| ||  __/ | |  __/ |
   / | /    |_.__//___|/__|/__/___|_|  /___|_|

Filters (press \\"f\\" to edit): No current filter patterns
Ignores (press \\"i\\" to edit): No current ignore patterns

Checking 1 file... 🤔

・ <project>/fixtures/watch/src/index.ts

🌟 Betterer (0ms):

(press \\"q\\" to quit)
",
  "
   / | /     _         _   _
 '-.ooo.-'  | |__  ___| |_| |_ ___ _ __ ___ _ __
---ooooo--- | '_ // _ / __| __/ _ / '__/ _ / '__|
 .-'ooo'-.  | |_)|  __/ |_| ||  __/ | |  __/ |
   / | /    |_.__//___|/__|/__/___|_|  /___|_|

Filters (press \\"f\\" to edit): No current filter patterns
Ignores (press \\"i\\" to edit): No current ignore patterns

Checking 1 file... 🤔

・ <project>/fixtures/watch/src/index.ts

🌟 Betterer (0ms): 1 test running...
🤔 test: running \\"test\\"!

(press \\"q\\" to quit)
",
  "
   / | /     _         _   _
 '-.ooo.-'  | |__  ___| |_| |_ ___ _ __ ___ _ __
---ooooo--- | '_ // _ / __| __/ _ / '__/ _ / '__|
 .-'ooo'-.  | |_)|  __/ |_| ||  __/ | |  __/ |
   / | /    |_.__//___|/__|/__/___|_|  /___|_|

Filters (press \\"f\\" to edit): No current filter patterns
Ignores (press \\"i\\" to edit): No current ignore patterns

Checking 1 file... 🤔

・ <project>/fixtures/watch/src/index.ts

🌟 Betterer (0ms): 1 test running...
🔥 test: \\"test\\" got worse. (1 new issue, 3 total) 😔

(press \\"q\\" to quit)
",
  "
   / | /     _         _   _
 '-.ooo.-'  | |__  ___| |_| |_ ___ _ __ ___ _ __
---ooooo--- | '_ // _ / __| __/ _ / '__/ _ / '__|
 .-'ooo'-.  | |_)|  __/ |_| ||  __/ | |  __/ |
   / | /    |_.__//___|/__|/__/___|_|  /___|_|

Filters (press \\"f\\" to edit): No current filter patterns
Ignores (press \\"i\\" to edit): No current ignore patterns

Checking 1 file... 🤔

・ <project>/fixtures/watch/src/index.ts

🌟 Betterer (0ms): 1 test running...
🔥 test: \\"test\\" got worse. (1 new issue, 3 total) 😔

Error: \\"test\\" got worse. (1 new issue, 3 total) 😔

(press \\"q\\" to quit)
",
  "
   / | /     _         _   _
 '-.ooo.-'  | |__  ___| |_| |_ ___ _ __ ___ _ __
---ooooo--- | '_ // _ / __| __/ _ / '__/ _ / '__|
 .-'ooo'-.  | |_)|  __/ |_| ||  __/ | |  __/ |
   / | /    |_.__//___|/__|/__/___|_|  /___|_|

Filters (press \\"f\\" to edit): No current filter patterns
Ignores (press \\"i\\" to edit): No current ignore patterns

Checking 1 file... 🤔

・ <project>/fixtures/watch/src/index.ts

💥 Betterer (0ms): 1 test done! 1 test errored!
🔥 test: \\"test\\" got worse. (1 new issue, 3 total) 😔
・ 2 existing issues in \\"<project>/fixtures/watch/src/index.ts\\".
・ New issue in \\"<project>/fixtures/watch/src/index.ts\\"!
・
・   <project>/fixtures/watch/src/index.ts
・   1 | console.log('foo');
・ > 2 | console.log('foo');console.log('foo');
・     |                    ^^^^^^^^^^^ TSQuery match
・

Error: \\"test\\" got worse. (1 new issue, 3 total) 😔

(press \\"q\\" to quit)
",
  "
   / | /     _         _   _
 '-.ooo.-'  | |__  ___| |_| |_ ___ _ __ ___ _ __
---ooooo--- | '_ // _ / __| __/ _ / '__/ _ / '__|
 .-'ooo'-.  | |_)|  __/ |_| ||  __/ | |  __/ |
   / | /    |_.__//___|/__|/__/___|_|  /___|_|

Filters (press \\"f\\" to edit): No current filter patterns
Ignores (press \\"i\\" to edit): No current ignore patterns

Checked 1 file! 🔍

・ <project>/fixtures/watch/src/index.ts

💥 Betterer (0ms): 1 test done! 1 test errored!
🔥 test: \\"test\\" got worse. (1 new issue, 3 total) 😔
・ 2 existing issues in \\"<project>/fixtures/watch/src/index.ts\\".
・ New issue in \\"<project>/fixtures/watch/src/index.ts\\"!
・
・   <project>/fixtures/watch/src/index.ts
・   1 | console.log('foo');
・ > 2 | console.log('foo');console.log('foo');
・     |                    ^^^^^^^^^^^ TSQuery match
・

Error: \\"test\\" got worse. (1 new issue, 3 total) 😔

1 test got checked. 🤔
1 test got worse. 😔


(press \\"q\\" to quit)
",
  "
   / | /     _         _   _
 '-.ooo.-'  | |__  ___| |_| |_ ___ _ __ ___ _ __
---ooooo--- | '_ // _ / __| __/ _ / '__/ _ / '__|
 .-'ooo'-.  | |_)|  __/ |_| ||  __/ | |  __/ |
   / | /    |_.__//___|/__|/__/___|_|  /___|_|

Filters (press \\"f\\" to edit): No current filter patterns
Ignores (press \\"i\\" to edit): No current ignore patterns

Checking 1 file... 🤔

・ <project>/fixtures/watch/src/index.ts

💥 Betterer (0ms): 1 test done! 1 test errored!
🔥 test: \\"test\\" got worse. (1 new issue, 3 total) 😔
・ 2 existing issues in \\"<project>/fixtures/watch/src/index.ts\\".
・ New issue in \\"<project>/fixtures/watch/src/index.ts\\"!
・
・   <project>/fixtures/watch/src/index.ts
・   1 | console.log('foo');
・ > 2 | console.log('foo');console.log('foo');
・     |                    ^^^^^^^^^^^ TSQuery match
・

Error: \\"test\\" got worse. (1 new issue, 3 total) 😔

(press \\"q\\" to quit)
",
  "
   / | /     _         _   _
 '-.ooo.-'  | |__  ___| |_| |_ ___ _ __ ___ _ __
---ooooo--- | '_ // _ / __| __/ _ / '__/ _ / '__|
 .-'ooo'-.  | |_)|  __/ |_| ||  __/ | |  __/ |
   / | /    |_.__//___|/__|/__/___|_|  /___|_|

Filters (press \\"f\\" to edit): No current filter patterns
Ignores (press \\"i\\" to edit): No current ignore patterns

Checking 1 file... 🤔

・ <project>/fixtures/watch/src/index.ts

🌟 Betterer (0ms): 1 test running...
🤔 test: running \\"test\\"!

(press \\"q\\" to quit)
",
  "
   / | /     _         _   _
 '-.ooo.-'  | |__  ___| |_| |_ ___ _ __ ___ _ __
---ooooo--- | '_ // _ / __| __/ _ / '__/ _ / '__|
 .-'ooo'-.  | |_)|  __/ |_| ||  __/ | |  __/ |
   / | /    |_.__//___|/__|/__/___|_|  /___|_|

Filters (press \\"f\\" to edit): No current filter patterns
Ignores (press \\"i\\" to edit): No current ignore patterns

Checking 1 file... 🤔

・ <project>/fixtures/watch/src/index.ts

🌟 Betterer (0ms): 1 test running...
✅ test: \\"test\\" stayed the same. (2 issues) 😐

(press \\"q\\" to quit)
",
  "
   / | /     _         _   _
 '-.ooo.-'  | |__  ___| |_| |_ ___ _ __ ___ _ __
---ooooo--- | '_ // _ / __| __/ _ / '__/ _ / '__|
 .-'ooo'-.  | |_)|  __/ |_| ||  __/ | |  __/ |
   / | /    |_.__//___|/__|/__/___|_|  /___|_|

Filters (press \\"f\\" to edit): No current filter patterns
Ignores (press \\"i\\" to edit): No current ignore patterns

Checking 1 file... 🤔

・ <project>/fixtures/watch/src/index.ts

🎉 Betterer (0ms): 1 test done!
✅ test: \\"test\\" stayed the same. (2 issues) 😐

(press \\"q\\" to quit)
",
  "
   / | /     _         _   _
 '-.ooo.-'  | |__  ___| |_| |_ ___ _ __ ___ _ __
---ooooo--- | '_ // _ / __| __/ _ / '__/ _ / '__|
 .-'ooo'-.  | |_)|  __/ |_| ||  __/ | |  __/ |
   / | /    |_.__//___|/__|/__/___|_|  /___|_|

Filters (press \\"f\\" to edit): No current filter patterns
Ignores (press \\"i\\" to edit): No current ignore patterns

Checked 1 file! 🔍

・ <project>/fixtures/watch/src/index.ts

🎉 Betterer (0ms): 1 test done!
✅ test: \\"test\\" stayed the same. (2 issues) 😐

1 test got checked. 🤔
1 test stayed the same. 😐

(press \\"q\\" to quit)
",
  "
   / | /     _         _   _
 '-.ooo.-'  | |__  ___| |_| |_ ___ _ __ ___ _ __
---ooooo--- | '_ // _ / __| __/ _ / '__/ _ / '__|
 .-'ooo'-.  | |_)|  __/ |_| ||  __/ | |  __/ |
   / | /    |_.__//___|/__|/__/___|_|  /___|_|

Filters (press \\"f\\" to edit): No current filter patterns
Ignores (press \\"i\\" to edit): No current ignore patterns

Checking 1 file... 🤔

・ <project>/fixtures/watch/src/index.ts

🎉 Betterer (0ms): 1 test done!
✅ test: \\"test\\" stayed the same. (2 issues) 😐

(press \\"q\\" to quit)
",
  "
   / | /     _         _   _
 '-.ooo.-'  | |__  ___| |_| |_ ___ _ __ ___ _ __
---ooooo--- | '_ // _ / __| __/ _ / '__/ _ / '__|
 .-'ooo'-.  | |_)|  __/ |_| ||  __/ | |  __/ |
   / | /    |_.__//___|/__|/__/___|_|  /___|_|

Filters (press \\"f\\" to edit): No current filter patterns
Ignores (press \\"i\\" to edit): No current ignore patterns

Checking 1 file... 🤔

・ <project>/fixtures/watch/src/index.ts

🌟 Betterer (0ms): 1 test running...
🤔 test: running \\"test\\"!

(press \\"q\\" to quit)
",
  "
   / | /     _         _   _
 '-.ooo.-'  | |__  ___| |_| |_ ___ _ __ ___ _ __
---ooooo--- | '_ // _ / __| __/ _ / '__/ _ / '__|
 .-'ooo'-.  | |_)|  __/ |_| ||  __/ | |  __/ |
   / | /    |_.__//___|/__|/__/___|_|  /___|_|

Filters (press \\"f\\" to edit): No current filter patterns
Ignores (press \\"i\\" to edit): No current ignore patterns

Checking 1 file... 🤔

・ <project>/fixtures/watch/src/index.ts

🌟 Betterer (0ms): 1 test running...
✅ test: \\"test\\" got better! (1 fixed issue, 1 remaining) 😍

(press \\"q\\" to quit)
",
  "
   / | /     _         _   _
 '-.ooo.-'  | |__  ___| |_| |_ ___ _ __ ___ _ __
---ooooo--- | '_ // _ / __| __/ _ / '__/ _ / '__|
 .-'ooo'-.  | |_)|  __/ |_| ||  __/ | |  __/ |
   / | /    |_.__//___|/__|/__/___|_|  /___|_|

Filters (press \\"f\\" to edit): No current filter patterns
Ignores (press \\"i\\" to edit): No current ignore patterns

Checking 1 file... 🤔

・ <project>/fixtures/watch/src/index.ts

🎉 Betterer (0ms): 1 test done!
✅ test: \\"test\\" got better! (1 fixed issue, 1 remaining) 😍

(press \\"q\\" to quit)
",
  "
   / | /     _         _   _
 '-.ooo.-'  | |__  ___| |_| |_ ___ _ __ ___ _ __
---ooooo--- | '_ // _ / __| __/ _ / '__/ _ / '__|
 .-'ooo'-.  | |_)|  __/ |_| ||  __/ | |  __/ |
   / | /    |_.__//___|/__|/__/___|_|  /___|_|

Filters (press \\"f\\" to edit): No current filter patterns
Ignores (press \\"i\\" to edit): No current ignore patterns

Checked 1 file! 🔍

・ <project>/fixtures/watch/src/index.ts

🎉 Betterer (0ms): 1 test done!
✅ test: \\"test\\" got better! (1 fixed issue, 1 remaining) 😍

1 test got checked. 🤔
1 test got better! 😍

(press \\"q\\" to quit)
",
  "
   / | /     _         _   _
 '-.ooo.-'  | |__  ___| |_| |_ ___ _ __ ___ _ __
---ooooo--- | '_ // _ / __| __/ _ / '__/ _ / '__|
 .-'ooo'-.  | |_)|  __/ |_| ||  __/ | |  __/ |
   / | /    |_.__//___|/__|/__/___|_|  /___|_|

Stopping watch mode... 👋
",
]
`;
