// Jest Snapshot v1, https://goo.gl/fbAQLP

exports[`betterer.watch should ignore .gitignored files 1`] = `
Array [
  "
   / | /     _         _   _
 '-.ooo.-'  | |__  ___| |_| |_ ___ _ __ ___ _ __
---ooooo--- | '_ // _ / __| __/ _ / '__/ _ / '__|
 .-'ooo'-.  | |_)|  __/ |_| ||  __/ | |  __/ |
   / | /    |_.__//___|/__|/__/___|_|  /___|_|

Filters (press \\"f\\" to edit): No current filter patterns
Ignores (press \\"i\\" to edit): No current ignore patterns

Starting Betterer in watch mode! 🎉

(press \\"q\\" to quit)

",
  "
   / | /     _         _   _
 '-.ooo.-'  | |__  ___| |_| |_ ___ _ __ ___ _ __
---ooooo--- | '_ // _ / __| __/ _ / '__/ _ / '__|
 .-'ooo'-.  | |_)|  __/ |_| ||  __/ | |  __/ |
   / | /    |_.__//___|/__|/__/___|_|  /___|_|

Filters (press \\"f\\" to edit): No current filter patterns
Ignores (press \\"i\\" to edit): No current ignore patterns

Checking 1 file... 🤔

・ <project>/fixtures/watch-ignored/src/index.ts

🌟 Betterer (0ms):

(press \\"q\\" to quit)

",
  "
   / | /     _         _   _
 '-.ooo.-'  | |__  ___| |_| |_ ___ _ __ ___ _ __
---ooooo--- | '_ // _ / __| __/ _ / '__/ _ / '__|
 .-'ooo'-.  | |_)|  __/ |_| ||  __/ | |  __/ |
   / | /    |_.__//___|/__|/__/___|_|  /___|_|

Filters (press \\"f\\" to edit): No current filter patterns
Ignores (press \\"i\\" to edit): No current ignore patterns

Checking 1 file... 🤔

・ <project>/fixtures/watch-ignored/src/index.ts

🌟 Betterer (0ms): 1 test running...
🤔 test: running \\"test\\"!

(press \\"q\\" to quit)

",
  "
   / | /     _         _   _
 '-.ooo.-'  | |__  ___| |_| |_ ___ _ __ ___ _ __
---ooooo--- | '_ // _ / __| __/ _ / '__/ _ / '__|
 .-'ooo'-.  | |_)|  __/ |_| ||  __/ | |  __/ |
   / | /    |_.__//___|/__|/__/___|_|  /___|_|

Filters (press \\"f\\" to edit): No current filter patterns
Ignores (press \\"i\\" to edit): No current ignore patterns

Checking 1 file... 🤔

・ <project>/fixtures/watch-ignored/src/index.ts

🌟 Betterer (0ms): 1 test running...
✅ test: \\"test\\" got checked for the first time! (1 issue) 🎉

(press \\"q\\" to quit)

",
  "
   / | /     _         _   _
 '-.ooo.-'  | |__  ___| |_| |_ ___ _ __ ___ _ __
---ooooo--- | '_ // _ / __| __/ _ / '__/ _ / '__|
 .-'ooo'-.  | |_)|  __/ |_| ||  __/ | |  __/ |
   / | /    |_.__//___|/__|/__/___|_|  /___|_|

Filters (press \\"f\\" to edit): No current filter patterns
Ignores (press \\"i\\" to edit): No current ignore patterns

Checking 1 file... 🤔

・ <project>/fixtures/watch-ignored/src/index.ts

🎉 Betterer (0ms): 1 test done!
✅ test: \\"test\\" got checked for the first time! (1 issue) 🎉

(press \\"q\\" to quit)

",
  "
   / | /     _         _   _
 '-.ooo.-'  | |__  ___| |_| |_ ___ _ __ ___ _ __
---ooooo--- | '_ // _ / __| __/ _ / '__/ _ / '__|
 .-'ooo'-.  | |_)|  __/ |_| ||  __/ | |  __/ |
   / | /    |_.__//___|/__|/__/___|_|  /___|_|

Filters (press \\"f\\" to edit): No current filter patterns
Ignores (press \\"i\\" to edit): No current ignore patterns

Checked 1 file! 🔍

・ <project>/fixtures/watch-ignored/src/index.ts

🎉 Betterer (0ms): 1 test done!
✅ test: \\"test\\" got checked for the first time! (1 issue) 🎉

1 test got checked. 🤔
1 test got checked for the first time! 🎉

(press \\"q\\" to quit)

",
]
`;
