// Vitest Snapshot v1, https://vitest.dev/guide/snapshot.html

exports[`betterer > should report the status of the Angular compiler on specific files 1`] = `
"// BETTERER RESULTS V2.
//
// If this file contains merge conflicts, use \`betterer merge\` to automatically resolve them:
// https://phenomnomnominal.github.io/betterer/docs/results-file/#merge
//
exports[\`angular\`] = {
  value: \`{
    "src/app/hero-list.component.ts:9489403": [
      [14, 29, 2, "ngtsc: Property \\'Id\\' does not exist on type \\'Hero\\'. Did you mean \\'id\\'?", "5862152"]
    ]
  }\`
};
"
`;

exports[`betterer > should report the status of the Angular compiler on specific files 2`] = `
[
  "🌟 Betterer (0ms):
",
  "🌟 Betterer (0ms): 1 test running...
🤔 angular: running "angular"!
",
  "🎉 Betterer (0ms): 1 test done!
✅ angular: "angular" got checked for the first time! (1 issue) 🎉
",
  "🎉 Betterer (0ms): 1 test done!
✅ angular: "angular" got checked for the first time! (1 issue) 🎉

1 test got checked. 🤔
1 test got checked for the first time! 🎉
",
]
`;
