// Jest Snapshot v1, https://goo.gl/fbAQLP

exports[`betterer should report the status of a new eslint rule with a complex set up 1`] = `
"// BETTERER RESULTS V2.
exports[\`eslint enable no-debugger rule\`] = {
  value: \`{
    \\"src/index.ts:3201740415\\": [
      [0, 0, 9, \\"Unexpected \\\\'debugger\\\\' statement.\\", \\"3201740415\\"]
    ]
  }\`
};
"
`;

exports[`betterer should report the status of a new eslint rule with a complex set up 2`] = `
Array [
  "
   / | /     _         _   _
 '-.ooo.-'  | |__  ___| |_| |_ ___ _ __ ___ _ __
---ooooo--- | '_ // _ / __| __/ _ / '__/ _ / '__|
 .-'ooo'-.  | |_)|  __/ |_| ||  __/ | |  __/ |
   / | /    |_.__//___|/__|/__/___|_|  /___|_|

",
  "
   / | /     _         _   _
 '-.ooo.-'  | |__  ___| |_| |_ ___ _ __ ___ _ __
---ooooo--- | '_ // _ / __| __/ _ / '__/ _ / '__|
 .-'ooo'-.  | |_)|  __/ |_| ||  __/ | |  __/ |
   / | /    |_.__//___|/__|/__/___|_|  /___|_|

🌟 Betterer (0ms):
",
  "
   / | /     _         _   _
 '-.ooo.-'  | |__  ___| |_| |_ ___ _ __ ___ _ __
---ooooo--- | '_ // _ / __| __/ _ / '__/ _ / '__|
 .-'ooo'-.  | |_)|  __/ |_| ||  __/ | |  __/ |
   / | /    |_.__//___|/__|/__/___|_|  /___|_|

🌟 Betterer (0ms): 1 test running...
🤔 eslint enable no-debugger rule: running \\"eslint enable no-debugger rule\\"!
",
  "
   / | /     _         _   _
 '-.ooo.-'  | |__  ___| |_| |_ ___ _ __ ___ _ __
---ooooo--- | '_ // _ / __| __/ _ / '__/ _ / '__|
 .-'ooo'-.  | |_)|  __/ |_| ||  __/ | |  __/ |
   / | /    |_.__//___|/__|/__/___|_|  /___|_|

🌟 Betterer (0ms): 1 test running...
✅ eslint enable no-debugger rule: \\"eslint enable no-debugger rule\\" got checked for the first time! 🎉
",
  "
   / | /     _         _   _
 '-.ooo.-'  | |__  ___| |_| |_ ___ _ __ ___ _ __
---ooooo--- | '_ // _ / __| __/ _ / '__/ _ / '__|
 .-'ooo'-.  | |_)|  __/ |_| ||  __/ | |  __/ |
   / | /    |_.__//___|/__|/__/___|_|  /___|_|

🌟 Betterer (0ms): 1 test running...
✅ eslint enable no-debugger rule: \\"eslint enable no-debugger rule\\" got checked for the first time! 🎉
",
  "
   / | /     _         _   _
 '-.ooo.-'  | |__  ___| |_| |_ ___ _ __ ___ _ __
---ooooo--- | '_ // _ / __| __/ _ / '__/ _ / '__|
 .-'ooo'-.  | |_)|  __/ |_| ||  __/ | |  __/ |
   / | /    |_.__//___|/__|/__/___|_|  /___|_|

🎉 Betterer (0ms): 1 test done!
✅ eslint enable no-debugger rule: \\"eslint enable no-debugger rule\\" got checked for the first time! 🎉
",
  "
   / | /     _         _   _
 '-.ooo.-'  | |__  ___| |_| |_ ___ _ __ ___ _ __
---ooooo--- | '_ // _ / __| __/ _ / '__/ _ / '__|
 .-'ooo'-.  | |_)|  __/ |_| ||  __/ | |  __/ |
   / | /    |_.__//___|/__|/__/___|_|  /___|_|

🎉 Betterer (0ms): 1 test done!
✅ eslint enable no-debugger rule: \\"eslint enable no-debugger rule\\" got checked for the first time! 🎉

1 test got checked. 🤔
1 test got checked for the first time! 🎉

",
  "
   / | /     _         _   _
 '-.ooo.-'  | |__  ___| |_| |_ ___ _ __ ___ _ __
---ooooo--- | '_ // _ / __| __/ _ / '__/ _ / '__|
 .-'ooo'-.  | |_)|  __/ |_| ||  __/ | |  __/ |
   / | /    |_.__//___|/__|/__/___|_|  /___|_|

",
  "
   / | /     _         _   _
 '-.ooo.-'  | |__  ___| |_| |_ ___ _ __ ___ _ __
---ooooo--- | '_ // _ / __| __/ _ / '__/ _ / '__|
 .-'ooo'-.  | |_)|  __/ |_| ||  __/ | |  __/ |
   / | /    |_.__//___|/__|/__/___|_|  /___|_|

🌟 Betterer (0ms):
",
  "
   / | /     _         _   _
 '-.ooo.-'  | |__  ___| |_| |_ ___ _ __ ___ _ __
---ooooo--- | '_ // _ / __| __/ _ / '__/ _ / '__|
 .-'ooo'-.  | |_)|  __/ |_| ||  __/ | |  __/ |
   / | /    |_.__//___|/__|/__/___|_|  /___|_|

🌟 Betterer (0ms): 1 test running...
🤔 eslint enable no-debugger rule: running \\"eslint enable no-debugger rule\\"!
",
  "
   / | /     _         _   _
 '-.ooo.-'  | |__  ___| |_| |_ ___ _ __ ___ _ __
---ooooo--- | '_ // _ / __| __/ _ / '__/ _ / '__|
 .-'ooo'-.  | |_)|  __/ |_| ||  __/ | |  __/ |
   / | /    |_.__//___|/__|/__/___|_|  /___|_|

🌟 Betterer (0ms): 1 test running...
✅ eslint enable no-debugger rule: \\"eslint enable no-debugger rule\\" stayed the same. 😐
",
  "
   / | /     _         _   _
 '-.ooo.-'  | |__  ___| |_| |_ ___ _ __ ___ _ __
---ooooo--- | '_ // _ / __| __/ _ / '__/ _ / '__|
 .-'ooo'-.  | |_)|  __/ |_| ||  __/ | |  __/ |
   / | /    |_.__//___|/__|/__/___|_|  /___|_|

🌟 Betterer (0ms): 1 test running...
✅ eslint enable no-debugger rule: \\"eslint enable no-debugger rule\\" stayed the same. 😐
",
  "
   / | /     _         _   _
 '-.ooo.-'  | |__  ___| |_| |_ ___ _ __ ___ _ __
---ooooo--- | '_ // _ / __| __/ _ / '__/ _ / '__|
 .-'ooo'-.  | |_)|  __/ |_| ||  __/ | |  __/ |
   / | /    |_.__//___|/__|/__/___|_|  /___|_|

🎉 Betterer (0ms): 1 test done!
✅ eslint enable no-debugger rule: \\"eslint enable no-debugger rule\\" stayed the same. 😐
",
  "
   / | /     _         _   _
 '-.ooo.-'  | |__  ___| |_| |_ ___ _ __ ___ _ __
---ooooo--- | '_ // _ / __| __/ _ / '__/ _ / '__|
 .-'ooo'-.  | |_)|  __/ |_| ||  __/ | |  __/ |
   / | /    |_.__//___|/__|/__/___|_|  /___|_|

🎉 Betterer (0ms): 1 test done!
✅ eslint enable no-debugger rule: \\"eslint enable no-debugger rule\\" stayed the same. 😐

1 test got checked. 🤔
1 test stayed the same. 😐

",
  "
   / | /     _         _   _
 '-.ooo.-'  | |__  ___| |_| |_ ___ _ __ ___ _ __
---ooooo--- | '_ // _ / __| __/ _ / '__/ _ / '__|
 .-'ooo'-.  | |_)|  __/ |_| ||  __/ | |  __/ |
   / | /    |_.__//___|/__|/__/___|_|  /___|_|

",
  "
   / | /     _         _   _
 '-.ooo.-'  | |__  ___| |_| |_ ___ _ __ ___ _ __
---ooooo--- | '_ // _ / __| __/ _ / '__/ _ / '__|
 .-'ooo'-.  | |_)|  __/ |_| ||  __/ | |  __/ |
   / | /    |_.__//___|/__|/__/___|_|  /___|_|

🌟 Betterer (0ms):
",
  "
   / | /     _         _   _
 '-.ooo.-'  | |__  ___| |_| |_ ___ _ __ ___ _ __
---ooooo--- | '_ // _ / __| __/ _ / '__/ _ / '__|
 .-'ooo'-.  | |_)|  __/ |_| ||  __/ | |  __/ |
   / | /    |_.__//___|/__|/__/___|_|  /___|_|

🌟 Betterer (0ms): 1 test running...
🤔 eslint enable no-debugger rule: running \\"eslint enable no-debugger rule\\"!
",
  "
   / | /     _         _   _
 '-.ooo.-'  | |__  ___| |_| |_ ___ _ __ ___ _ __
---ooooo--- | '_ // _ / __| __/ _ / '__/ _ / '__|
 .-'ooo'-.  | |_)|  __/ |_| ||  __/ | |  __/ |
   / | /    |_.__//___|/__|/__/___|_|  /___|_|

🌟 Betterer (0ms): 1 test running...
・ 1 existing issue in \\"<project>/fixtures/test-betterer-eslint-complex/src/index.ts\\".
🤔 eslint enable no-debugger rule: running \\"eslint enable no-debugger rule\\"!
",
  "
   / | /     _         _   _
 '-.ooo.-'  | |__  ___| |_| |_ ___ _ __ ___ _ __
---ooooo--- | '_ // _ / __| __/ _ / '__/ _ / '__|
 .-'ooo'-.  | |_)|  __/ |_| ||  __/ | |  __/ |
   / | /    |_.__//___|/__|/__/___|_|  /___|_|

🌟 Betterer (0ms): 1 test running...
・ 1 existing issue in \\"<project>/fixtures/test-betterer-eslint-complex/src/index.ts\\".
・ 1 new issue in \\"<project>/fixtures/test-betterer-eslint-complex/src/index.ts\\":
🤔 eslint enable no-debugger rule: running \\"eslint enable no-debugger rule\\"!
",
  "
   / | /     _         _   _
 '-.ooo.-'  | |__  ___| |_| |_ ___ _ __ ___ _ __
---ooooo--- | '_ // _ / __| __/ _ / '__/ _ / '__|
 .-'ooo'-.  | |_)|  __/ |_| ||  __/ | |  __/ |
   / | /    |_.__//___|/__|/__/___|_|  /___|_|

🌟 Betterer (0ms): 1 test running...
・ 1 existing issue in \\"<project>/fixtures/test-betterer-eslint-complex/src/index.ts\\".
・ 1 new issue in \\"<project>/fixtures/test-betterer-eslint-complex/src/index.ts\\":
・
・   // <project>/fixtures/test-betterer-eslint-complex/src/index.ts
・   1 | debugger;
・ > 2 | debugger;
・     | ^^^^^^^^^ Unexpected 'debugger' statement.
・
🤔 eslint enable no-debugger rule: running \\"eslint enable no-debugger rule\\"!
",
  "
   / | /     _         _   _
 '-.ooo.-'  | |__  ___| |_| |_ ___ _ __ ___ _ __
---ooooo--- | '_ // _ / __| __/ _ / '__/ _ / '__|
 .-'ooo'-.  | |_)|  __/ |_| ||  __/ | |  __/ |
   / | /    |_.__//___|/__|/__/___|_|  /___|_|

🌟 Betterer (0ms): 1 test running...
・ 1 existing issue in \\"<project>/fixtures/test-betterer-eslint-complex/src/index.ts\\".
・ 1 new issue in \\"<project>/fixtures/test-betterer-eslint-complex/src/index.ts\\":
・
・   // <project>/fixtures/test-betterer-eslint-complex/src/index.ts
・   1 | debugger;
・ > 2 | debugger;
・     | ^^^^^^^^^ Unexpected 'debugger' statement.
・
🔥 eslint enable no-debugger rule: \\"eslint enable no-debugger rule\\" got worse. 😔
",
  "
   / | /     _         _   _
 '-.ooo.-'  | |__  ___| |_| |_ ___ _ __ ___ _ __
---ooooo--- | '_ // _ / __| __/ _ / '__/ _ / '__|
 .-'ooo'-.  | |_)|  __/ |_| ||  __/ | |  __/ |
   / | /    |_.__//___|/__|/__/___|_|  /___|_|

🌟 Betterer (0ms): 1 test running...
🔥 eslint enable no-debugger rule: \\"eslint enable no-debugger rule\\" got worse. 😔
・ 1 existing issue in \\"<project>/fixtures/test-betterer-eslint-complex/src/index.ts\\".
・ 1 new issue in \\"<project>/fixtures/test-betterer-eslint-complex/src/index.ts\\":
・
・   // <project>/fixtures/test-betterer-eslint-complex/src/index.ts
・   1 | debugger;
・ > 2 | debugger;
・     | ^^^^^^^^^ Unexpected 'debugger' statement.
・

Error: \\"eslint enable no-debugger rule\\" got worse. 😔
",
  "
   / | /     _         _   _
 '-.ooo.-'  | |__  ___| |_| |_ ___ _ __ ___ _ __
---ooooo--- | '_ // _ / __| __/ _ / '__/ _ / '__|
 .-'ooo'-.  | |_)|  __/ |_| ||  __/ | |  __/ |
   / | /    |_.__//___|/__|/__/___|_|  /___|_|

💥 Betterer (0ms): 1 test done! 1 test errored!
🔥 eslint enable no-debugger rule: \\"eslint enable no-debugger rule\\" got worse. 😔
・ 1 existing issue in \\"<project>/fixtures/test-betterer-eslint-complex/src/index.ts\\".
・ 1 new issue in \\"<project>/fixtures/test-betterer-eslint-complex/src/index.ts\\":
・
・   // <project>/fixtures/test-betterer-eslint-complex/src/index.ts
・   1 | debugger;
・ > 2 | debugger;
・     | ^^^^^^^^^ Unexpected 'debugger' statement.
・

Error: \\"eslint enable no-debugger rule\\" got worse. 😔
",
  "
   / | /     _         _   _
 '-.ooo.-'  | |__  ___| |_| |_ ___ _ __ ___ _ __
---ooooo--- | '_ // _ / __| __/ _ / '__/ _ / '__|
 .-'ooo'-.  | |_)|  __/ |_| ||  __/ | |  __/ |
   / | /    |_.__//___|/__|/__/___|_|  /___|_|

💥 Betterer (0ms): 1 test done! 1 test errored!
🔥 eslint enable no-debugger rule: \\"eslint enable no-debugger rule\\" got worse. 😔
・ 1 existing issue in \\"<project>/fixtures/test-betterer-eslint-complex/src/index.ts\\".
・ 1 new issue in \\"<project>/fixtures/test-betterer-eslint-complex/src/index.ts\\":
・
・   // <project>/fixtures/test-betterer-eslint-complex/src/index.ts
・   1 | debugger;
・ > 2 | debugger;
・     | ^^^^^^^^^ Unexpected 'debugger' statement.
・

Error: \\"eslint enable no-debugger rule\\" got worse. 😔

1 test got checked. 🤔
1 test got worse. 😔

Run \`betterer --update\` to force an update of the results file. 🆙

",
  "
   / | /     _         _   _
 '-.ooo.-'  | |__  ___| |_| |_ ___ _ __ ___ _ __
---ooooo--- | '_ // _ / __| __/ _ / '__/ _ / '__|
 .-'ooo'-.  | |_)|  __/ |_| ||  __/ | |  __/ |
   / | /    |_.__//___|/__|/__/___|_|  /___|_|

",
  "
   / | /     _         _   _
 '-.ooo.-'  | |__  ___| |_| |_ ___ _ __ ___ _ __
---ooooo--- | '_ // _ / __| __/ _ / '__/ _ / '__|
 .-'ooo'-.  | |_)|  __/ |_| ||  __/ | |  __/ |
   / | /    |_.__//___|/__|/__/___|_|  /___|_|

🌟 Betterer (0ms):
",
  "
   / | /     _         _   _
 '-.ooo.-'  | |__  ___| |_| |_ ___ _ __ ___ _ __
---ooooo--- | '_ // _ / __| __/ _ / '__/ _ / '__|
 .-'ooo'-.  | |_)|  __/ |_| ||  __/ | |  __/ |
   / | /    |_.__//___|/__|/__/___|_|  /___|_|

🌟 Betterer (0ms): 1 test running...
🤔 eslint enable no-debugger rule: running \\"eslint enable no-debugger rule\\"!
",
  "
   / | /     _         _   _
 '-.ooo.-'  | |__  ___| |_| |_ ___ _ __ ___ _ __
---ooooo--- | '_ // _ / __| __/ _ / '__/ _ / '__|
 .-'ooo'-.  | |_)|  __/ |_| ||  __/ | |  __/ |
   / | /    |_.__//___|/__|/__/___|_|  /___|_|

🌟 Betterer (0ms): 1 test running...
✅ eslint enable no-debugger rule: \\"eslint enable no-debugger rule\\" met its goal! 🎉
",
  "
   / | /     _         _   _
 '-.ooo.-'  | |__  ___| |_| |_ ___ _ __ ___ _ __
---ooooo--- | '_ // _ / __| __/ _ / '__/ _ / '__|
 .-'ooo'-.  | |_)|  __/ |_| ||  __/ | |  __/ |
   / | /    |_.__//___|/__|/__/___|_|  /___|_|

🌟 Betterer (0ms): 1 test running...
✅ eslint enable no-debugger rule: \\"eslint enable no-debugger rule\\" met its goal! 🎉
",
  "
   / | /     _         _   _
 '-.ooo.-'  | |__  ___| |_| |_ ___ _ __ ___ _ __
---ooooo--- | '_ // _ / __| __/ _ / '__/ _ / '__|
 .-'ooo'-.  | |_)|  __/ |_| ||  __/ | |  __/ |
   / | /    |_.__//___|/__|/__/___|_|  /___|_|

🎉 Betterer (0ms): 1 test done!
✅ eslint enable no-debugger rule: \\"eslint enable no-debugger rule\\" met its goal! 🎉
",
  "
   / | /     _         _   _
 '-.ooo.-'  | |__  ___| |_| |_ ___ _ __ ___ _ __
---ooooo--- | '_ // _ / __| __/ _ / '__/ _ / '__|
 .-'ooo'-.  | |_)|  __/ |_| ||  __/ | |  __/ |
   / | /    |_.__//___|/__|/__/___|_|  /___|_|

🎉 Betterer (0ms): 1 test done!
✅ eslint enable no-debugger rule: \\"eslint enable no-debugger rule\\" met its goal! 🎉

1 test got checked. 🤔
1 test got better! 😍
\\"eslint enable no-debugger rule\\" met its goal! 🎉)

",
  "
   / | /     _         _   _
 '-.ooo.-'  | |__  ___| |_| |_ ___ _ __ ___ _ __
---ooooo--- | '_ // _ / __| __/ _ / '__/ _ / '__|
 .-'ooo'-.  | |_)|  __/ |_| ||  __/ | |  __/ |
   / | /    |_.__//___|/__|/__/___|_|  /___|_|

",
  "
   / | /     _         _   _
 '-.ooo.-'  | |__  ___| |_| |_ ___ _ __ ___ _ __
---ooooo--- | '_ // _ / __| __/ _ / '__/ _ / '__|
 .-'ooo'-.  | |_)|  __/ |_| ||  __/ | |  __/ |
   / | /    |_.__//___|/__|/__/___|_|  /___|_|

🌟 Betterer (0ms):
",
  "
   / | /     _         _   _
 '-.ooo.-'  | |__  ___| |_| |_ ___ _ __ ___ _ __
---ooooo--- | '_ // _ / __| __/ _ / '__/ _ / '__|
 .-'ooo'-.  | |_)|  __/ |_| ||  __/ | |  __/ |
   / | /    |_.__//___|/__|/__/___|_|  /___|_|

🌟 Betterer (0ms): 1 test running...
🤔 eslint enable no-debugger rule: running \\"eslint enable no-debugger rule\\"!
",
  "
   / | /     _         _   _
 '-.ooo.-'  | |__  ___| |_| |_ ___ _ __ ___ _ __
---ooooo--- | '_ // _ / __| __/ _ / '__/ _ / '__|
 .-'ooo'-.  | |_)|  __/ |_| ||  __/ | |  __/ |
   / | /    |_.__//___|/__|/__/___|_|  /___|_|

🌟 Betterer (0ms): 1 test running...
✅ eslint enable no-debugger rule: \\"eslint enable no-debugger rule\\" has already met its goal! ✨
",
  "
   / | /     _         _   _
 '-.ooo.-'  | |__  ___| |_| |_ ___ _ __ ___ _ __
---ooooo--- | '_ // _ / __| __/ _ / '__/ _ / '__|
 .-'ooo'-.  | |_)|  __/ |_| ||  __/ | |  __/ |
   / | /    |_.__//___|/__|/__/___|_|  /___|_|

🌟 Betterer (0ms): 1 test running...
✅ eslint enable no-debugger rule: \\"eslint enable no-debugger rule\\" has already met its goal! ✨
",
  "
   / | /     _         _   _
 '-.ooo.-'  | |__  ___| |_| |_ ___ _ __ ___ _ __
---ooooo--- | '_ // _ / __| __/ _ / '__/ _ / '__|
 .-'ooo'-.  | |_)|  __/ |_| ||  __/ | |  __/ |
   / | /    |_.__//___|/__|/__/___|_|  /___|_|

🎉 Betterer (0ms): 1 test done!
✅ eslint enable no-debugger rule: \\"eslint enable no-debugger rule\\" has already met its goal! ✨
",
  "
   / | /     _         _   _
 '-.ooo.-'  | |__  ___| |_| |_ ___ _ __ ___ _ __
---ooooo--- | '_ // _ / __| __/ _ / '__/ _ / '__|
 .-'ooo'-.  | |_)|  __/ |_| ||  __/ | |  __/ |
   / | /    |_.__//___|/__|/__/___|_|  /___|_|

🎉 Betterer (0ms): 1 test done!
✅ eslint enable no-debugger rule: \\"eslint enable no-debugger rule\\" has already met its goal! ✨

1 test got checked. 🤔
1 test got checked for the first time! 🎉
\\"eslint enable no-debugger rule\\" met its goal! 🎉)

",
]
`;
