// Jest Snapshot v1, https://goo.gl/fbAQLP

exports[`betterer should report the status of the TypeScript compiler in strict mode 1`] = `
"// BETTERER RESULTS V2.
exports[\`typescript use strict mode\`] = {
  value: \`{
    \\"src/index.ts:3281126131\\": [
      [0, 27, 4, \\"Parameter \\\\'list\\\\' implicitly has an \\\\'any\\\\' type.\\", \\"2087656743\\"],
      [1, 18, 6, \\"Parameter \\\\'member\\\\' implicitly has an \\\\'any\\\\' type.\\", \\"1468198325\\"],
      [5, 9, 4, \\"\\\\'this\\\\' implicitly has type \\\\'any\\\\' because it does not have a type annotation.\\", \\"2087959715\\"],
      [17, 9, 6, \\"Object is possibly \\\\'undefined\\\\'.\\", \\"1682699846\\"],
      [21, 10, 3, \\"Property \\\\'bar\\\\' has no initializer and is not definitely assigned in the constructor.\\", \\"193415156\\"],
      [29, 16, 9, \\"Argument of type \\\\'[number, number, number]\\\\' is not assignable to parameter of type \\\\'[num1: number, num2: number]\\\\'.\\\\\\\\n  Source has 3 element(s) but target allows only 2.\\", \\"2320562899\\"]
    ]
  }\`
};
"
`;

exports[`betterer should report the status of the TypeScript compiler in strict mode 2`] = `
Array [
  "
   / | /     _         _   _
 '-.ooo.-'  | |__  ___| |_| |_ ___ _ __ ___ _ __
---ooooo--- | '_ // _ / __| __/ _ / '__/ _ / '__|
 .-'ooo'-.  | |_)|  __/ |_| ||  __/ | |  __/ |
   / | /    |_.__//___|/__|/__/___|_|  /___|_|

",
  "
   / | /     _         _   _
 '-.ooo.-'  | |__  ___| |_| |_ ___ _ __ ___ _ __
---ooooo--- | '_ // _ / __| __/ _ / '__/ _ / '__|
 .-'ooo'-.  | |_)|  __/ |_| ||  __/ | |  __/ |
   / | /    |_.__//___|/__|/__/___|_|  /___|_|

🌟 Betterer (0ms):
",
  "
   / | /     _         _   _
 '-.ooo.-'  | |__  ___| |_| |_ ___ _ __ ___ _ __
---ooooo--- | '_ // _ / __| __/ _ / '__/ _ / '__|
 .-'ooo'-.  | |_)|  __/ |_| ||  __/ | |  __/ |
   / | /    |_.__//___|/__|/__/___|_|  /___|_|

🌟 Betterer (0ms): 1 test running...
🤔 typescript use strict mode: running \\"typescript use strict mode\\"!
",
  "
   / | /     _         _   _
 '-.ooo.-'  | |__  ___| |_| |_ ___ _ __ ___ _ __
---ooooo--- | '_ // _ / __| __/ _ / '__/ _ / '__|
 .-'ooo'-.  | |_)|  __/ |_| ||  __/ | |  __/ |
   / | /    |_.__//___|/__|/__/___|_|  /___|_|

🌟 Betterer (0ms): 1 test running...
✅ typescript use strict mode: \\"typescript use strict mode\\" got checked for the first time! 🎉
",
  "
   / | /     _         _   _
 '-.ooo.-'  | |__  ___| |_| |_ ___ _ __ ___ _ __
---ooooo--- | '_ // _ / __| __/ _ / '__/ _ / '__|
 .-'ooo'-.  | |_)|  __/ |_| ||  __/ | |  __/ |
   / | /    |_.__//___|/__|/__/___|_|  /___|_|

🌟 Betterer (0ms): 1 test running...
✅ typescript use strict mode: \\"typescript use strict mode\\" got checked for the first time! 🎉
",
  "
   / | /     _         _   _
 '-.ooo.-'  | |__  ___| |_| |_ ___ _ __ ___ _ __
---ooooo--- | '_ // _ / __| __/ _ / '__/ _ / '__|
 .-'ooo'-.  | |_)|  __/ |_| ||  __/ | |  __/ |
   / | /    |_.__//___|/__|/__/___|_|  /___|_|

🎉 Betterer (0ms): 1 test done!
✅ typescript use strict mode: \\"typescript use strict mode\\" got checked for the first time! 🎉
",
  "
   / | /     _         _   _
 '-.ooo.-'  | |__  ___| |_| |_ ___ _ __ ___ _ __
---ooooo--- | '_ // _ / __| __/ _ / '__/ _ / '__|
 .-'ooo'-.  | |_)|  __/ |_| ||  __/ | |  __/ |
   / | /    |_.__//___|/__|/__/___|_|  /___|_|

🎉 Betterer (0ms): 1 test done!
✅ typescript use strict mode: \\"typescript use strict mode\\" got checked for the first time! 🎉

1 test got checked. 🤔
1 test got checked for the first time! 🎉

",
  "
   / | /     _         _   _
 '-.ooo.-'  | |__  ___| |_| |_ ___ _ __ ___ _ __
---ooooo--- | '_ // _ / __| __/ _ / '__/ _ / '__|
 .-'ooo'-.  | |_)|  __/ |_| ||  __/ | |  __/ |
   / | /    |_.__//___|/__|/__/___|_|  /___|_|

",
  "
   / | /     _         _   _
 '-.ooo.-'  | |__  ___| |_| |_ ___ _ __ ___ _ __
---ooooo--- | '_ // _ / __| __/ _ / '__/ _ / '__|
 .-'ooo'-.  | |_)|  __/ |_| ||  __/ | |  __/ |
   / | /    |_.__//___|/__|/__/___|_|  /___|_|

🌟 Betterer (0ms):
",
  "
   / | /     _         _   _
 '-.ooo.-'  | |__  ___| |_| |_ ___ _ __ ___ _ __
---ooooo--- | '_ // _ / __| __/ _ / '__/ _ / '__|
 .-'ooo'-.  | |_)|  __/ |_| ||  __/ | |  __/ |
   / | /    |_.__//___|/__|/__/___|_|  /___|_|

🌟 Betterer (0ms): 1 test running...
🤔 typescript use strict mode: running \\"typescript use strict mode\\"!
",
  "
   / | /     _         _   _
 '-.ooo.-'  | |__  ___| |_| |_ ___ _ __ ___ _ __
---ooooo--- | '_ // _ / __| __/ _ / '__/ _ / '__|
 .-'ooo'-.  | |_)|  __/ |_| ||  __/ | |  __/ |
   / | /    |_.__//___|/__|/__/___|_|  /___|_|

🌟 Betterer (0ms): 1 test running...
✅ typescript use strict mode: \\"typescript use strict mode\\" stayed the same. 😐
",
  "
   / | /     _         _   _
 '-.ooo.-'  | |__  ___| |_| |_ ___ _ __ ___ _ __
---ooooo--- | '_ // _ / __| __/ _ / '__/ _ / '__|
 .-'ooo'-.  | |_)|  __/ |_| ||  __/ | |  __/ |
   / | /    |_.__//___|/__|/__/___|_|  /___|_|

🌟 Betterer (0ms): 1 test running...
✅ typescript use strict mode: \\"typescript use strict mode\\" stayed the same. 😐
",
  "
   / | /     _         _   _
 '-.ooo.-'  | |__  ___| |_| |_ ___ _ __ ___ _ __
---ooooo--- | '_ // _ / __| __/ _ / '__/ _ / '__|
 .-'ooo'-.  | |_)|  __/ |_| ||  __/ | |  __/ |
   / | /    |_.__//___|/__|/__/___|_|  /___|_|

🎉 Betterer (0ms): 1 test done!
✅ typescript use strict mode: \\"typescript use strict mode\\" stayed the same. 😐
",
  "
   / | /     _         _   _
 '-.ooo.-'  | |__  ___| |_| |_ ___ _ __ ___ _ __
---ooooo--- | '_ // _ / __| __/ _ / '__/ _ / '__|
 .-'ooo'-.  | |_)|  __/ |_| ||  __/ | |  __/ |
   / | /    |_.__//___|/__|/__/___|_|  /___|_|

🎉 Betterer (0ms): 1 test done!
✅ typescript use strict mode: \\"typescript use strict mode\\" stayed the same. 😐

1 test got checked. 🤔
1 test stayed the same. 😐

",
  "
   / | /     _         _   _
 '-.ooo.-'  | |__  ___| |_| |_ ___ _ __ ___ _ __
---ooooo--- | '_ // _ / __| __/ _ / '__/ _ / '__|
 .-'ooo'-.  | |_)|  __/ |_| ||  __/ | |  __/ |
   / | /    |_.__//___|/__|/__/___|_|  /___|_|

",
  "
   / | /     _         _   _
 '-.ooo.-'  | |__  ___| |_| |_ ___ _ __ ___ _ __
---ooooo--- | '_ // _ / __| __/ _ / '__/ _ / '__|
 .-'ooo'-.  | |_)|  __/ |_| ||  __/ | |  __/ |
   / | /    |_.__//___|/__|/__/___|_|  /___|_|

🌟 Betterer (0ms):
",
  "
   / | /     _         _   _
 '-.ooo.-'  | |__  ___| |_| |_ ___ _ __ ___ _ __
---ooooo--- | '_ // _ / __| __/ _ / '__/ _ / '__|
 .-'ooo'-.  | |_)|  __/ |_| ||  __/ | |  __/ |
   / | /    |_.__//___|/__|/__/___|_|  /___|_|

🌟 Betterer (0ms): 1 test running...
🤔 typescript use strict mode: running \\"typescript use strict mode\\"!
",
  "
   / | /     _         _   _
 '-.ooo.-'  | |__  ___| |_| |_ ___ _ __ ___ _ __
---ooooo--- | '_ // _ / __| __/ _ / '__/ _ / '__|
 .-'ooo'-.  | |_)|  __/ |_| ||  __/ | |  __/ |
   / | /    |_.__//___|/__|/__/___|_|  /___|_|

🌟 Betterer (0ms): 1 test running...
・ 6 existing issues in \\"<project>/fixtures/test-betterer-typescript-strict/src/index.ts\\".
🤔 typescript use strict mode: running \\"typescript use strict mode\\"!
",
  "
   / | /     _         _   _
 '-.ooo.-'  | |__  ___| |_| |_ ___ _ __ ___ _ __
---ooooo--- | '_ // _ / __| __/ _ / '__/ _ / '__|
 .-'ooo'-.  | |_)|  __/ |_| ||  __/ | |  __/ |
   / | /    |_.__//___|/__|/__/___|_|  /___|_|

🌟 Betterer (0ms): 1 test running...
・ 6 existing issues in \\"<project>/fixtures/test-betterer-typescript-strict/src/index.ts\\".
・ 1 new issue in \\"<project>/fixtures/test-betterer-typescript-strict/src/index.ts\\":
🤔 typescript use strict mode: running \\"typescript use strict mode\\"!
",
  "
   / | /     _         _   _
 '-.ooo.-'  | |__  ___| |_| |_ ___ _ __ ___ _ __
---ooooo--- | '_ // _ / __| __/ _ / '__/ _ / '__|
 .-'ooo'-.  | |_)|  __/ |_| ||  __/ | |  __/ |
   / | /    |_.__//___|/__|/__/___|_|  /___|_|

🌟 Betterer (0ms): 1 test running...
・ 6 existing issues in \\"<project>/fixtures/test-betterer-typescript-strict/src/index.ts\\".
・ 1 new issue in \\"<project>/fixtures/test-betterer-typescript-strict/src/index.ts\\":
・
・   // <project>/fixtures/test-betterer-typescript-strict/src/index.ts
・   32 | const a = 'a';
・   33 | const one = 1;
・ > 34 | console.log(a * one);
・      |             ^ The left-hand side of an arithmetic operation must be of type 'any', 'number', 'bigint' or an enum type.
・
🤔 typescript use strict mode: running \\"typescript use strict mode\\"!
",
  "
   / | /     _         _   _
 '-.ooo.-'  | |__  ___| |_| |_ ___ _ __ ___ _ __
---ooooo--- | '_ // _ / __| __/ _ / '__/ _ / '__|
 .-'ooo'-.  | |_)|  __/ |_| ||  __/ | |  __/ |
   / | /    |_.__//___|/__|/__/___|_|  /___|_|

🌟 Betterer (0ms): 1 test running...
・ 6 existing issues in \\"<project>/fixtures/test-betterer-typescript-strict/src/index.ts\\".
・ 1 new issue in \\"<project>/fixtures/test-betterer-typescript-strict/src/index.ts\\":
・
・   // <project>/fixtures/test-betterer-typescript-strict/src/index.ts
・   32 | const a = 'a';
・   33 | const one = 1;
・ > 34 | console.log(a * one);
・      |             ^ The left-hand side of an arithmetic operation must be of type 'any', 'number', 'bigint' or an enum type.
・
🔥 typescript use strict mode: \\"typescript use strict mode\\" got worse. 😔
",
  "
   / | /     _         _   _
 '-.ooo.-'  | |__  ___| |_| |_ ___ _ __ ___ _ __
---ooooo--- | '_ // _ / __| __/ _ / '__/ _ / '__|
 .-'ooo'-.  | |_)|  __/ |_| ||  __/ | |  __/ |
   / | /    |_.__//___|/__|/__/___|_|  /___|_|

🌟 Betterer (0ms): 1 test running...
🔥 typescript use strict mode: \\"typescript use strict mode\\" got worse. 😔
・ 6 existing issues in \\"<project>/fixtures/test-betterer-typescript-strict/src/index.ts\\".
・ 1 new issue in \\"<project>/fixtures/test-betterer-typescript-strict/src/index.ts\\":
・
・   // <project>/fixtures/test-betterer-typescript-strict/src/index.ts
・   32 | const a = 'a';
・   33 | const one = 1;
・ > 34 | console.log(a * one);
・      |             ^ The left-hand side of an arithmetic operation must be of type 'any', 'number', 'bigint' or an enum type.
・

Error: \\"typescript use strict mode\\" got worse. 😔
",
  "
   / | /     _         _   _
 '-.ooo.-'  | |__  ___| |_| |_ ___ _ __ ___ _ __
---ooooo--- | '_ // _ / __| __/ _ / '__/ _ / '__|
 .-'ooo'-.  | |_)|  __/ |_| ||  __/ | |  __/ |
   / | /    |_.__//___|/__|/__/___|_|  /___|_|

💥 Betterer (0ms): 1 test done! 1 test errored!
🔥 typescript use strict mode: \\"typescript use strict mode\\" got worse. 😔
・ 6 existing issues in \\"<project>/fixtures/test-betterer-typescript-strict/src/index.ts\\".
・ 1 new issue in \\"<project>/fixtures/test-betterer-typescript-strict/src/index.ts\\":
・
・   // <project>/fixtures/test-betterer-typescript-strict/src/index.ts
・   32 | const a = 'a';
・   33 | const one = 1;
・ > 34 | console.log(a * one);
・      |             ^ The left-hand side of an arithmetic operation must be of type 'any', 'number', 'bigint' or an enum type.
・

Error: \\"typescript use strict mode\\" got worse. 😔
",
  "
   / | /     _         _   _
 '-.ooo.-'  | |__  ___| |_| |_ ___ _ __ ___ _ __
---ooooo--- | '_ // _ / __| __/ _ / '__/ _ / '__|
 .-'ooo'-.  | |_)|  __/ |_| ||  __/ | |  __/ |
   / | /    |_.__//___|/__|/__/___|_|  /___|_|

💥 Betterer (0ms): 1 test done! 1 test errored!
🔥 typescript use strict mode: \\"typescript use strict mode\\" got worse. 😔
・ 6 existing issues in \\"<project>/fixtures/test-betterer-typescript-strict/src/index.ts\\".
・ 1 new issue in \\"<project>/fixtures/test-betterer-typescript-strict/src/index.ts\\":
・
・   // <project>/fixtures/test-betterer-typescript-strict/src/index.ts
・   32 | const a = 'a';
・   33 | const one = 1;
・ > 34 | console.log(a * one);
・      |             ^ The left-hand side of an arithmetic operation must be of type 'any', 'number', 'bigint' or an enum type.
・

Error: \\"typescript use strict mode\\" got worse. 😔

1 test got checked. 🤔
1 test got worse. 😔

Run \`betterer --update\` to force an update of the results file. 🆙

",
  "
   / | /     _         _   _
 '-.ooo.-'  | |__  ___| |_| |_ ___ _ __ ___ _ __
---ooooo--- | '_ // _ / __| __/ _ / '__/ _ / '__|
 .-'ooo'-.  | |_)|  __/ |_| ||  __/ | |  __/ |
   / | /    |_.__//___|/__|/__/___|_|  /___|_|

",
  "
   / | /     _         _   _
 '-.ooo.-'  | |__  ___| |_| |_ ___ _ __ ___ _ __
---ooooo--- | '_ // _ / __| __/ _ / '__/ _ / '__|
 .-'ooo'-.  | |_)|  __/ |_| ||  __/ | |  __/ |
   / | /    |_.__//___|/__|/__/___|_|  /___|_|

🌟 Betterer (0ms):
",
  "
   / | /     _         _   _
 '-.ooo.-'  | |__  ___| |_| |_ ___ _ __ ___ _ __
---ooooo--- | '_ // _ / __| __/ _ / '__/ _ / '__|
 .-'ooo'-.  | |_)|  __/ |_| ||  __/ | |  __/ |
   / | /    |_.__//___|/__|/__/___|_|  /___|_|

🌟 Betterer (0ms): 1 test running...
🤔 typescript use strict mode: running \\"typescript use strict mode\\"!
",
  "
   / | /     _         _   _
 '-.ooo.-'  | |__  ___| |_| |_ ___ _ __ ___ _ __
---ooooo--- | '_ // _ / __| __/ _ / '__/ _ / '__|
 .-'ooo'-.  | |_)|  __/ |_| ||  __/ | |  __/ |
   / | /    |_.__//___|/__|/__/___|_|  /___|_|

🌟 Betterer (0ms): 1 test running...
✅ typescript use strict mode: \\"typescript use strict mode\\" got better! 😍
",
  "
   / | /     _         _   _
 '-.ooo.-'  | |__  ___| |_| |_ ___ _ __ ___ _ __
---ooooo--- | '_ // _ / __| __/ _ / '__/ _ / '__|
 .-'ooo'-.  | |_)|  __/ |_| ||  __/ | |  __/ |
   / | /    |_.__//___|/__|/__/___|_|  /___|_|

🌟 Betterer (0ms): 1 test running...
✅ typescript use strict mode: \\"typescript use strict mode\\" got better! 😍
",
  "
   / | /     _         _   _
 '-.ooo.-'  | |__  ___| |_| |_ ___ _ __ ___ _ __
---ooooo--- | '_ // _ / __| __/ _ / '__/ _ / '__|
 .-'ooo'-.  | |_)|  __/ |_| ||  __/ | |  __/ |
   / | /    |_.__//___|/__|/__/___|_|  /___|_|

🎉 Betterer (0ms): 1 test done!
✅ typescript use strict mode: \\"typescript use strict mode\\" got better! 😍
",
  "
   / | /     _         _   _
 '-.ooo.-'  | |__  ___| |_| |_ ___ _ __ ___ _ __
---ooooo--- | '_ // _ / __| __/ _ / '__/ _ / '__|
 .-'ooo'-.  | |_)|  __/ |_| ||  __/ | |  __/ |
   / | /    |_.__//___|/__|/__/___|_|  /___|_|

🎉 Betterer (0ms): 1 test done!
✅ typescript use strict mode: \\"typescript use strict mode\\" got better! 😍

1 test got checked. 🤔
1 test got better! 😍

",
]
`;
