// Jest Snapshot v1, https://goo.gl/fbAQLP

exports[`betterer should work when there is a merge conflict in the results file 1`] = `
Array [
  "
   / | /     _         _   _
 '-.ooo.-'  | |__  ___| |_| |_ ___ _ __ ___ _ __
---ooooo--- | '_ // _ / __| __/ _ / '__/ _ / '__|
 .-'ooo'-.  | |_)|  __/ |_| ||  __/ | |  __/ |
   / | /    |_.__//___|/__|/__/___|_|  /___|_|

",
  "
   / | /     _         _   _
 '-.ooo.-'  | |__  ___| |_| |_ ___ _ __ ___ _ __
---ooooo--- | '_ // _ / __| __/ _ / '__/ _ / '__|
 .-'ooo'-.  | |_)|  __/ |_| ||  __/ | |  __/ |
   / | /    |_.__//___|/__|/__/___|_|  /___|_|

🌟 Betterer (0ms):
",
  "
   / | /     _         _   _
 '-.ooo.-'  | |__  ___| |_| |_ ___ _ __ ___ _ __
---ooooo--- | '_ // _ / __| __/ _ / '__/ _ / '__|
 .-'ooo'-.  | |_)|  __/ |_| ||  __/ | |  __/ |
   / | /    |_.__//___|/__|/__/___|_|  /___|_|

🌟 Betterer (0ms): 1 test running...
🤔 no raw console calls: running \\"no raw console calls\\"!
",
  "
   / | /     _         _   _
 '-.ooo.-'  | |__  ___| |_| |_ ___ _ __ ___ _ __
---ooooo--- | '_ // _ / __| __/ _ / '__/ _ / '__|
 .-'ooo'-.  | |_)|  __/ |_| ||  __/ | |  __/ |
   / | /    |_.__//___|/__|/__/___|_|  /___|_|

🌟 Betterer (0ms): 1 test running...
✅ no raw console calls: \\"no raw console calls\\" stayed the same. 😐
",
  "
   / | /     _         _   _
 '-.ooo.-'  | |__  ___| |_| |_ ___ _ __ ___ _ __
---ooooo--- | '_ // _ / __| __/ _ / '__/ _ / '__|
 .-'ooo'-.  | |_)|  __/ |_| ||  __/ | |  __/ |
   / | /    |_.__//___|/__|/__/___|_|  /___|_|

🌟 Betterer (0ms): 1 test running...
✅ no raw console calls: \\"no raw console calls\\" stayed the same. 😐
",
  "
   / | /     _         _   _
 '-.ooo.-'  | |__  ___| |_| |_ ___ _ __ ___ _ __
---ooooo--- | '_ // _ / __| __/ _ / '__/ _ / '__|
 .-'ooo'-.  | |_)|  __/ |_| ||  __/ | |  __/ |
   / | /    |_.__//___|/__|/__/___|_|  /___|_|

🎉 Betterer (0ms): 1 test done!
✅ no raw console calls: \\"no raw console calls\\" stayed the same. 😐
",
  "
   / | /     _         _   _
 '-.ooo.-'  | |__  ___| |_| |_ ___ _ __ ___ _ __
---ooooo--- | '_ // _ / __| __/ _ / '__/ _ / '__|
 .-'ooo'-.  | |_)|  __/ |_| ||  __/ | |  __/ |
   / | /    |_.__//___|/__|/__/___|_|  /___|_|

🎉 Betterer (0ms): 1 test done!
✅ no raw console calls: \\"no raw console calls\\" stayed the same. 😐

1 test got checked. 🤔
1 test stayed the same. 😐

",
]
`;

exports[`betterer should work when there is a merge conflict in the results file 2`] = `
"// BETTERER RESULTS V2.
exports[\`no raw console calls\`] = {
  value: \`{
    \\"src/index.ts:1884655653\\": [
      [0, 0, 11, \\"TSQuery match\\", \\"3870399096\\"]
    ]
  }\`
};
"
`;
