// Jest Snapshot v1, https://goo.gl/fbAQLP

exports[`betterer should write a cache file 1`] = `
"{
  \\"version\\": 2,
  \\"testCache\\": {
    \\"test\\": {
      \\"src/index.ts\\": \\"3994602698153364047\\"
    }
  }
}"
`;

exports[`betterer should write a cache file 2`] = `
"{
  \\"version\\": 2,
  \\"testCache\\": {
    \\"test\\": {
      \\"src/index.ts\\": \\"3994602698153364047\\"
    }
  }
}"
`;

exports[`betterer should write a cache file 3`] = `
"// BETTERER RESULTS V2.
//
// If this file contains merge conflicts, use \`betterer merge\` to automatically resolve them:
// https://phenomnomnominal.github.io/betterer/docs/results-file/#merge
//
exports[\`test\`] = {
  value: \`{
    \\"src/index.ts:153364047\\": [
      [0, 0, 7, \\"RegExp match\\", \\"645651780\\"],
      [1, 0, 7, \\"RegExp match\\", \\"645651780\\"]
    ]
  }\`
};
"
`;

exports[`betterer should write a cache file 4`] = `
"{
  \\"version\\": 2,
  \\"testCache\\": {
    \\"test\\": {
      \\"src/index.ts\\": \\"39946026984126639614\\"
    }
  }
}"
`;

exports[`betterer should write a cache file 5`] = `
"// BETTERER RESULTS V2.
//
// If this file contains merge conflicts, use \`betterer merge\` to automatically resolve them:
// https://phenomnomnominal.github.io/betterer/docs/results-file/#merge
//
exports[\`test\`] = {
  value: \`{
    \\"src/index.ts:4126639614\\": [
      [0, 0, 7, \\"RegExp match\\", \\"645651780\\"]
    ]
  }\`
};
"
`;

exports[`betterer should write a cache file 6`] = `
"{
  \\"version\\": 2,
  \\"testCache\\": {}
}"
`;

exports[`betterer should write a cache file 7`] = `
Array [
  "🌟 Betterer (0ms):
",
  "🌟 Betterer (0ms): 1 test running...
🤔 test: running \\"test\\"!
",
  "🌟 Betterer (0ms): 1 test running...
✅ test: \\"test\\" got checked for the first time! (2 issues) 🎉
",
  "🎉 Betterer (0ms): 1 test done!
✅ test: \\"test\\" got checked for the first time! (2 issues) 🎉
",
  "🎉 Betterer (0ms): 1 test done!
✅ test: \\"test\\" got checked for the first time! (2 issues) 🎉

1 test got checked. 🤔
1 test got checked for the first time! 🎉
",
  "🌟 Betterer (0ms):
",
  "🌟 Betterer (0ms): 1 test running...
🤔 test: running \\"test\\"!
",
  "🌟 Betterer (0ms): 1 test running...
✅ test: \\"test\\" stayed the same. (2 issues) 😐
",
  "🎉 Betterer (0ms): 1 test done!
✅ test: \\"test\\" stayed the same. (2 issues) 😐
",
  "🎉 Betterer (0ms): 1 test done!
✅ test: \\"test\\" stayed the same. (2 issues) 😐

1 test got checked. 🤔
1 test stayed the same. 😐
",
  "🌟 Betterer (0ms):
",
  "🌟 Betterer (0ms): 1 test running...
🤔 test: running \\"test\\"!
",
  "🌟 Betterer (0ms): 1 test running...
🔥 test: \\"test\\" got worse. (1 new issue, 3 total) 😔
",
  "🌟 Betterer (0ms): 1 test running...
🔥 test: \\"test\\" got worse. (1 new issue, 3 total) 😔

Error: \\"test\\" got worse. (1 new issue, 3 total) 😔
",
  "💥 Betterer (0ms): 1 test done! 1 test errored!
🔥 test: \\"test\\" got worse. (1 new issue, 3 total) 😔
・ 2 existing issues in \\"<project>/fixtures/cache/src/index.ts\\".
・ New issue in \\"<project>/fixtures/cache/src/index.ts\\"!
・
・   <project>/fixtures/cache/src/index.ts
・   1 | // HACK:
・   2 | // HACK:
・ > 3 | // HACK:
・     | ^^^^^^^ RegExp match
・

Error: \\"test\\" got worse. (1 new issue, 3 total) 😔
",
  "💥 Betterer (0ms): 1 test done! 1 test errored!
🔥 test: \\"test\\" got worse. (1 new issue, 3 total) 😔
・ 2 existing issues in \\"<project>/fixtures/cache/src/index.ts\\".
・ New issue in \\"<project>/fixtures/cache/src/index.ts\\"!
・
・   <project>/fixtures/cache/src/index.ts
・   1 | // HACK:
・   2 | // HACK:
・ > 3 | // HACK:
・     | ^^^^^^^ RegExp match
・

Error: \\"test\\" got worse. (1 new issue, 3 total) 😔

1 test got checked. 🤔
1 test got worse. 😔

You should try to fix the new issues! As a last resort, you can run \`betterer --update\` to force an update of the results file. 🆙
",
  "🌟 Betterer (0ms):
",
  "🌟 Betterer (0ms): 1 test running...
🤔 test: running \\"test\\"!
",
  "🌟 Betterer (0ms): 1 test running...
✅ test: \\"test\\" got better! (1 fixed issue, 1 remaining) 😍
",
  "🎉 Betterer (0ms): 1 test done!
✅ test: \\"test\\" got better! (1 fixed issue, 1 remaining) 😍
",
  "🎉 Betterer (0ms): 1 test done!
✅ test: \\"test\\" got better! (1 fixed issue, 1 remaining) 😍

1 test got checked. 🤔
1 test got better! 😍
",
  "🌟 Betterer (0ms):
",
  "🌟 Betterer (0ms): 1 test running...
🤔 test: running \\"test\\"!
",
  "🌟 Betterer (0ms): 1 test running...
✅ test: \\"test\\" met its goal! 🎉
",
  "🎉 Betterer (0ms): 1 test done!
✅ test: \\"test\\" met its goal! 🎉
",
  "🎉 Betterer (0ms): 1 test done!
✅ test: \\"test\\" met its goal! 🎉

1 test got checked. 🤔
1 test got better! 😍
1 test met its goal! 🎉
",
]
`;
