// Jest Snapshot v1, https://goo.gl/fbAQLP

exports[`betterer doesn't cache if a test gets worse 1`] = `
"{
  \\"src/index.ts\\": \\"4126639614\\"
}"
`;

exports[`betterer doesn't cache if a test gets worse 2`] = `
Array [
  "
   / | /     _         _   _
 '-.ooo.-'  | |__  ___| |_| |_ ___ _ __ ___ _ __
---ooooo--- | '_ // _ / __| __/ _ / '__/ _ / '__|
 .-'ooo'-.  | |_)|  __/ |_| ||  __/ | |  __/ |
   / | /    |_.__//___|/__|/__/___|_|  /___|_|

",
  "
   / | /     _         _   _
 '-.ooo.-'  | |__  ___| |_| |_ ___ _ __ ___ _ __
---ooooo--- | '_ // _ / __| __/ _ / '__/ _ / '__|
 .-'ooo'-.  | |_)|  __/ |_| ||  __/ | |  __/ |
   / | /    |_.__//___|/__|/__/___|_|  /___|_|

🌟 Betterer (0ms):

",
  "
   / | /     _         _   _
 '-.ooo.-'  | |__  ___| |_| |_ ___ _ __ ___ _ __
---ooooo--- | '_ // _ / __| __/ _ / '__/ _ / '__|
 .-'ooo'-.  | |_)|  __/ |_| ||  __/ | |  __/ |
   / | /    |_.__//___|/__|/__/___|_|  /___|_|

🌟 Betterer (0ms): 1 test running...
🤔 test: running \\"test\\"!

",
  "
   / | /     _         _   _
 '-.ooo.-'  | |__  ___| |_| |_ ___ _ __ ___ _ __
---ooooo--- | '_ // _ / __| __/ _ / '__/ _ / '__|
 .-'ooo'-.  | |_)|  __/ |_| ||  __/ | |  __/ |
   / | /    |_.__//___|/__|/__/___|_|  /___|_|

🌟 Betterer (0ms): 1 test running...
✅ test: \\"test\\" got checked for the first time! (1 issue) 🎉

",
  "
   / | /     _         _   _
 '-.ooo.-'  | |__  ___| |_| |_ ___ _ __ ___ _ __
---ooooo--- | '_ // _ / __| __/ _ / '__/ _ / '__|
 .-'ooo'-.  | |_)|  __/ |_| ||  __/ | |  __/ |
   / | /    |_.__//___|/__|/__/___|_|  /___|_|

🎉 Betterer (0ms): 1 test done!
✅ test: \\"test\\" got checked for the first time! (1 issue) 🎉

",
  "
   / | /     _         _   _
 '-.ooo.-'  | |__  ___| |_| |_ ___ _ __ ___ _ __
---ooooo--- | '_ // _ / __| __/ _ / '__/ _ / '__|
 .-'ooo'-.  | |_)|  __/ |_| ||  __/ | |  __/ |
   / | /    |_.__//___|/__|/__/___|_|  /___|_|

🎉 Betterer (0ms): 1 test done!
✅ test: \\"test\\" got checked for the first time! (1 issue) 🎉

1 test got checked. 🤔
1 test got checked for the first time! 🎉

",
  "
   / | /     _         _   _
 '-.ooo.-'  | |__  ___| |_| |_ ___ _ __ ___ _ __
---ooooo--- | '_ // _ / __| __/ _ / '__/ _ / '__|
 .-'ooo'-.  | |_)|  __/ |_| ||  __/ | |  __/ |
   / | /    |_.__//___|/__|/__/___|_|  /___|_|

",
  "
   / | /     _         _   _
 '-.ooo.-'  | |__  ___| |_| |_ ___ _ __ ___ _ __
---ooooo--- | '_ // _ / __| __/ _ / '__/ _ / '__|
 .-'ooo'-.  | |_)|  __/ |_| ||  __/ | |  __/ |
   / | /    |_.__//___|/__|/__/___|_|  /___|_|

🌟 Betterer (0ms):

",
  "
   / | /     _         _   _
 '-.ooo.-'  | |__  ___| |_| |_ ___ _ __ ___ _ __
---ooooo--- | '_ // _ / __| __/ _ / '__/ _ / '__|
 .-'ooo'-.  | |_)|  __/ |_| ||  __/ | |  __/ |
   / | /    |_.__//___|/__|/__/___|_|  /___|_|

🌟 Betterer (0ms): 1 test running...
🤔 test: running \\"test\\"!

",
  "
   / | /     _         _   _
 '-.ooo.-'  | |__  ___| |_| |_ ___ _ __ ___ _ __
---ooooo--- | '_ // _ / __| __/ _ / '__/ _ / '__|
 .-'ooo'-.  | |_)|  __/ |_| ||  __/ | |  __/ |
   / | /    |_.__//___|/__|/__/___|_|  /___|_|

🌟 Betterer (0ms): 1 test running...
✅ test: \\"test\\" stayed the same. (1 issue) 😐

",
  "
   / | /     _         _   _
 '-.ooo.-'  | |__  ___| |_| |_ ___ _ __ ___ _ __
---ooooo--- | '_ // _ / __| __/ _ / '__/ _ / '__|
 .-'ooo'-.  | |_)|  __/ |_| ||  __/ | |  __/ |
   / | /    |_.__//___|/__|/__/___|_|  /___|_|

🎉 Betterer (0ms): 1 test done!
✅ test: \\"test\\" stayed the same. (1 issue) 😐

",
  "
   / | /     _         _   _
 '-.ooo.-'  | |__  ___| |_| |_ ___ _ __ ___ _ __
---ooooo--- | '_ // _ / __| __/ _ / '__/ _ / '__|
 .-'ooo'-.  | |_)|  __/ |_| ||  __/ | |  __/ |
   / | /    |_.__//___|/__|/__/___|_|  /___|_|

🎉 Betterer (0ms): 1 test done!
✅ test: \\"test\\" stayed the same. (1 issue) 😐

1 test got checked. 🤔
1 test stayed the same. 😐

",
  "
   / | /     _         _   _
 '-.ooo.-'  | |__  ___| |_| |_ ___ _ __ ___ _ __
---ooooo--- | '_ // _ / __| __/ _ / '__/ _ / '__|
 .-'ooo'-.  | |_)|  __/ |_| ||  __/ | |  __/ |
   / | /    |_.__//___|/__|/__/___|_|  /___|_|

",
  "
   / | /     _         _   _
 '-.ooo.-'  | |__  ___| |_| |_ ___ _ __ ___ _ __
---ooooo--- | '_ // _ / __| __/ _ / '__/ _ / '__|
 .-'ooo'-.  | |_)|  __/ |_| ||  __/ | |  __/ |
   / | /    |_.__//___|/__|/__/___|_|  /___|_|

🌟 Betterer (0ms):

",
  "
   / | /     _         _   _
 '-.ooo.-'  | |__  ___| |_| |_ ___ _ __ ___ _ __
---ooooo--- | '_ // _ / __| __/ _ / '__/ _ / '__|
 .-'ooo'-.  | |_)|  __/ |_| ||  __/ | |  __/ |
   / | /    |_.__//___|/__|/__/___|_|  /___|_|

🌟 Betterer (0ms): 1 test running...
🤔 test: running \\"test\\"!

",
  "
   / | /     _         _   _
 '-.ooo.-'  | |__  ___| |_| |_ ___ _ __ ___ _ __
---ooooo--- | '_ // _ / __| __/ _ / '__/ _ / '__|
 .-'ooo'-.  | |_)|  __/ |_| ||  __/ | |  __/ |
   / | /    |_.__//___|/__|/__/___|_|  /___|_|

🌟 Betterer (0ms): 1 test running...
🔥 test: \\"test\\" got worse. (1 new issue, 2 total) 😔

",
  "
   / | /     _         _   _
 '-.ooo.-'  | |__  ___| |_| |_ ___ _ __ ___ _ __
---ooooo--- | '_ // _ / __| __/ _ / '__/ _ / '__|
 .-'ooo'-.  | |_)|  __/ |_| ||  __/ | |  __/ |
   / | /    |_.__//___|/__|/__/___|_|  /___|_|

🌟 Betterer (0ms): 1 test running...
🔥 test: \\"test\\" got worse. (1 new issue, 2 total) 😔
・ 1 existing issue in \\"<project>/fixtures/cache-worse/src/index.ts\\".
・ New issue in \\"<project>/fixtures/cache-worse/src/index.ts\\"!
・
・   <project>/fixtures/cache-worse/src/index.ts
・   1 | // HACK:
・ > 2 | // HACK:
・     | ^^^^^^^ RegExp match
・

Error: \\"test\\" got worse. (1 new issue, 2 total) 😔

",
  "
   / | /     _         _   _
 '-.ooo.-'  | |__  ___| |_| |_ ___ _ __ ___ _ __
---ooooo--- | '_ // _ / __| __/ _ / '__/ _ / '__|
 .-'ooo'-.  | |_)|  __/ |_| ||  __/ | |  __/ |
   / | /    |_.__//___|/__|/__/___|_|  /___|_|

💥 Betterer (0ms): 1 test done! 1 test errored!
🔥 test: \\"test\\" got worse. (1 new issue, 2 total) 😔
・ 1 existing issue in \\"<project>/fixtures/cache-worse/src/index.ts\\".
・ New issue in \\"<project>/fixtures/cache-worse/src/index.ts\\"!
・
・   <project>/fixtures/cache-worse/src/index.ts
・   1 | // HACK:
・ > 2 | // HACK:
・     | ^^^^^^^ RegExp match
・

Error: \\"test\\" got worse. (1 new issue, 2 total) 😔

",
  "
   / | /     _         _   _
 '-.ooo.-'  | |__  ___| |_| |_ ___ _ __ ___ _ __
---ooooo--- | '_ // _ / __| __/ _ / '__/ _ / '__|
 .-'ooo'-.  | |_)|  __/ |_| ||  __/ | |  __/ |
   / | /    |_.__//___|/__|/__/___|_|  /___|_|

💥 Betterer (0ms): 1 test done! 1 test errored!
🔥 test: \\"test\\" got worse. (1 new issue, 2 total) 😔
・ 1 existing issue in \\"<project>/fixtures/cache-worse/src/index.ts\\".
・ New issue in \\"<project>/fixtures/cache-worse/src/index.ts\\"!
・
・   <project>/fixtures/cache-worse/src/index.ts
・   1 | // HACK:
・ > 2 | // HACK:
・     | ^^^^^^^ RegExp match
・

Error: \\"test\\" got worse. (1 new issue, 2 total) 😔

1 test got checked. 🤔
1 test got worse. 😔

You should try to fix the new issues! As a last resort, you can run \`betterer --update\` to force an update of the results file. 🆙

",
  "
   / | /     _         _   _
 '-.ooo.-'  | |__  ___| |_| |_ ___ _ __ ___ _ __
---ooooo--- | '_ // _ / __| __/ _ / '__/ _ / '__|
 .-'ooo'-.  | |_)|  __/ |_| ||  __/ | |  __/ |
   / | /    |_.__//___|/__|/__/___|_|  /___|_|

",
  "
   / | /     _         _   _
 '-.ooo.-'  | |__  ___| |_| |_ ___ _ __ ___ _ __
---ooooo--- | '_ // _ / __| __/ _ / '__/ _ / '__|
 .-'ooo'-.  | |_)|  __/ |_| ||  __/ | |  __/ |
   / | /    |_.__//___|/__|/__/___|_|  /___|_|

🌟 Betterer (0ms):

",
  "
   / | /     _         _   _
 '-.ooo.-'  | |__  ___| |_| |_ ___ _ __ ___ _ __
---ooooo--- | '_ // _ / __| __/ _ / '__/ _ / '__|
 .-'ooo'-.  | |_)|  __/ |_| ||  __/ | |  __/ |
   / | /    |_.__//___|/__|/__/___|_|  /___|_|

🌟 Betterer (0ms): 1 test running...
🤔 test: running \\"test\\"!

",
  "
   / | /     _         _   _
 '-.ooo.-'  | |__  ___| |_| |_ ___ _ __ ___ _ __
---ooooo--- | '_ // _ / __| __/ _ / '__/ _ / '__|
 .-'ooo'-.  | |_)|  __/ |_| ||  __/ | |  __/ |
   / | /    |_.__//___|/__|/__/___|_|  /___|_|

🌟 Betterer (0ms): 1 test running...
🔥 test: \\"test\\" got worse. (1 new issue, 2 total) 😔

",
  "
   / | /     _         _   _
 '-.ooo.-'  | |__  ___| |_| |_ ___ _ __ ___ _ __
---ooooo--- | '_ // _ / __| __/ _ / '__/ _ / '__|
 .-'ooo'-.  | |_)|  __/ |_| ||  __/ | |  __/ |
   / | /    |_.__//___|/__|/__/___|_|  /___|_|

🌟 Betterer (0ms): 1 test running...
🔥 test: \\"test\\" got worse. (1 new issue, 2 total) 😔
・ 1 existing issue in \\"<project>/fixtures/cache-worse/src/index.ts\\".
・ New issue in \\"<project>/fixtures/cache-worse/src/index.ts\\"!
・
・   <project>/fixtures/cache-worse/src/index.ts
・   1 | // HACK:
・ > 2 | // HACK:
・     | ^^^^^^^ RegExp match
・

Error: \\"test\\" got worse. (1 new issue, 2 total) 😔

",
  "
   / | /     _         _   _
 '-.ooo.-'  | |__  ___| |_| |_ ___ _ __ ___ _ __
---ooooo--- | '_ // _ / __| __/ _ / '__/ _ / '__|
 .-'ooo'-.  | |_)|  __/ |_| ||  __/ | |  __/ |
   / | /    |_.__//___|/__|/__/___|_|  /___|_|

💥 Betterer (0ms): 1 test done! 1 test errored!
🔥 test: \\"test\\" got worse. (1 new issue, 2 total) 😔
・ 1 existing issue in \\"<project>/fixtures/cache-worse/src/index.ts\\".
・ New issue in \\"<project>/fixtures/cache-worse/src/index.ts\\"!
・
・   <project>/fixtures/cache-worse/src/index.ts
・   1 | // HACK:
・ > 2 | // HACK:
・     | ^^^^^^^ RegExp match
・

Error: \\"test\\" got worse. (1 new issue, 2 total) 😔

",
  "
   / | /     _         _   _
 '-.ooo.-'  | |__  ___| |_| |_ ___ _ __ ___ _ __
---ooooo--- | '_ // _ / __| __/ _ / '__/ _ / '__|
 .-'ooo'-.  | |_)|  __/ |_| ||  __/ | |  __/ |
   / | /    |_.__//___|/__|/__/___|_|  /___|_|

💥 Betterer (0ms): 1 test done! 1 test errored!
🔥 test: \\"test\\" got worse. (1 new issue, 2 total) 😔
・ 1 existing issue in \\"<project>/fixtures/cache-worse/src/index.ts\\".
・ New issue in \\"<project>/fixtures/cache-worse/src/index.ts\\"!
・
・   <project>/fixtures/cache-worse/src/index.ts
・   1 | // HACK:
・ > 2 | // HACK:
・     | ^^^^^^^ RegExp match
・

Error: \\"test\\" got worse. (1 new issue, 2 total) 😔

1 test got checked. 🤔
1 test got worse. 😔

You should try to fix the new issues! As a last resort, you can run \`betterer --update\` to force an update of the results file. 🆙

",
]
`;
