// Jest Snapshot v1, https://goo.gl/fbAQLP

exports[`betterer should throw when there is not a config file 1`] = `
Array [
  "
Error: could not find config file at \\"<project>/fixtures/config-missing/.betterer\\". ðŸ˜”

Error: Cannot find module '<project>/fixtures/config-missing/.betterer' from 'packages/betterer/dist/config/config.js'
",
]
`;
