// Jest Snapshot v1, https://goo.gl/fbAQLP

exports[`betterer should handle complex eslint rule options 1`] = `
"// BETTERER RESULTS V2.
exports[\`test\`] = {
  value: \`{
    \\"src/index.ts:1015454386\\": [
      [0, 0, 34, \\"Prefer named exports\\", \\"1332276585\\"]
    ]
  }\`
};
"
`;

exports[`betterer should handle complex eslint rule options 2`] = `
Array [
  "
   / | /     _         _   _
 '-.ooo.-'  | |__  ___| |_| |_ ___ _ __ ___ _ __
---ooooo--- | '_ // _ / __| __/ _ / '__/ _ / '__|
 .-'ooo'-.  | |_)|  __/ |_| ||  __/ | |  __/ |
   / | /    |_.__//___|/__|/__/___|_|  /___|_|
",
  "
   / | /     _         _   _
 '-.ooo.-'  | |__  ___| |_| |_ ___ _ __ ___ _ __
---ooooo--- | '_ // _ / __| __/ _ / '__/ _ / '__|
 .-'ooo'-.  | |_)|  __/ |_| ||  __/ | |  __/ |
   / | /    |_.__//___|/__|/__/___|_|  /___|_|

ðŸŒŸ Betterer (0ms):
",
  "
   / | /     _         _   _
 '-.ooo.-'  | |__  ___| |_| |_ ___ _ __ ___ _ __
---ooooo--- | '_ // _ / __| __/ _ / '__/ _ / '__|
 .-'ooo'-.  | |_)|  __/ |_| ||  __/ | |  __/ |
   / | /    |_.__//___|/__|/__/___|_|  /___|_|

ðŸŒŸ Betterer (0ms): 1 test running...
ðŸ¤” test: running \\"test\\"!
",
  "
   / | /     _         _   _
 '-.ooo.-'  | |__  ___| |_| |_ ___ _ __ ___ _ __
---ooooo--- | '_ // _ / __| __/ _ / '__/ _ / '__|
 .-'ooo'-.  | |_)|  __/ |_| ||  __/ | |  __/ |
   / | /    |_.__//___|/__|/__/___|_|  /___|_|

ðŸŒŸ Betterer (0ms): 1 test running...
âœ… test: \\"test\\" got checked for the first time! (1 issue) ðŸŽ‰
",
  "
   / | /     _         _   _
 '-.ooo.-'  | |__  ___| |_| |_ ___ _ __ ___ _ __
---ooooo--- | '_ // _ / __| __/ _ / '__/ _ / '__|
 .-'ooo'-.  | |_)|  __/ |_| ||  __/ | |  __/ |
   / | /    |_.__//___|/__|/__/___|_|  /___|_|

ðŸŽ‰ Betterer (0ms): 1 test done!
âœ… test: \\"test\\" got checked for the first time! (1 issue) ðŸŽ‰
",
  "
   / | /     _         _   _
 '-.ooo.-'  | |__  ___| |_| |_ ___ _ __ ___ _ __
---ooooo--- | '_ // _ / __| __/ _ / '__/ _ / '__|
 .-'ooo'-.  | |_)|  __/ |_| ||  __/ | |  __/ |
   / | /    |_.__//___|/__|/__/___|_|  /___|_|

ðŸŽ‰ Betterer (0ms): 1 test done!
âœ… test: \\"test\\" got checked for the first time! (1 issue) ðŸŽ‰

1 test got checked. ðŸ¤”
1 test got checked for the first time! ðŸŽ‰
",
]
`;
