// Jest Snapshot v1, https://goo.gl/fbAQLP

exports[`betterer should throw if there are no config 1`] = `
Array [
  "
Error: for \`@betterer/eslint\` to work, you need to provide rule options, e.g. \`{ 'no-debugger': 'error' }\`. ‚ùå
",
]
`;
