// Vitest Snapshot v1, https://vitest.dev/guide/snapshot.html

exports[`betterer > should sort files by their file path even when only running on a single file 1`] = `
"// BETTERER RESULTS V2.
//
// If this file contains merge conflicts, use \`betterer merge\` to automatically resolve them:
// https://phenomnomnominal.github.io/betterer/docs/results-file/#merge
//
exports[\`test\`] = {
  value: \`{
    "src/a.ts:2053668783": [
      [0, 0, 9, "Unexpected \\'debugger\\' statement.", "3201740415"],
      [1, 0, 9, "Unexpected \\'debugger\\' statement.", "3201740415"]
    ],
    "src/b.ts:2053668783": [
      [0, 0, 9, "Unexpected \\'debugger\\' statement.", "3201740415"],
      [1, 0, 9, "Unexpected \\'debugger\\' statement.", "3201740415"]
    ],
    "src/c.ts:1761844991": [
      [0, 0, 9, "Unexpected \\'debugger\\' statement.", "3201740415"],
      [1, 0, 9, "Unexpected \\'debugger\\' statement.", "3201740415"],
      [2, 0, 9, "Unexpected \\'debugger\\' statement.", "3201740415"]
    ],
    "src/d.ts:2053668783": [
      [0, 0, 9, "Unexpected \\'debugger\\' statement.", "3201740415"],
      [1, 0, 9, "Unexpected \\'debugger\\' statement.", "3201740415"]
    ]
  }\`
};
"
`;

exports[`betterer > should sort files by their file path even when only running on a single file 2`] = `
[
  "🌟 Betterer (0ms):
",
  "🌟 Betterer (0ms): 1 test running...
🤔 test: running "test"!
",
  "🎉 Betterer (0ms): 1 test done!
✅ test: "test" got checked for the first time! (8 issues) 🎉
",
  "🎉 Betterer (0ms): 1 test done!
✅ test: "test" got checked for the first time! (8 issues) 🎉

1 test got checked. 🤔
1 test got checked for the first time! 🎉
",
  "🌟 Betterer (0ms):
",
  "🌟 Betterer (0ms): 1 test running...
🤔 test: running "test"!
",
  "🎉 Betterer (0ms): 1 test done!
✅ test: "test" got force updated. (1 new issue, 8 existing, 9 total) 🆙
・ 2 existing, 1 new issues in "fixtures/file-test-sort-subset/src/c.ts".
・
・   1 | debugger;
・   2 | debugger;
・ > 3 | debugger;
・     | ^^^^^^^^^ Unexpected 'debugger' statement.
・
",
  "🎉 Betterer (0ms): 1 test done!
✅ test: "test" got force updated. (1 new issue, 8 existing, 9 total) 🆙
・ 2 existing, 1 new issues in "fixtures/file-test-sort-subset/src/c.ts".
・
・   1 | debugger;
・   2 | debugger;
・ > 3 | debugger;
・     | ^^^^^^^^^ Unexpected 'debugger' statement.
・

1 test got checked. 🤔
1 test got force updated. 🆙
",
]
`;
