// Jest Snapshot v1, https://goo.gl/fbAQLP

exports[`betterer should let you override the goal of a file test 1`] = `
"// BETTERER RESULTS V2.
//
// If this file contains merge conflicts, use \`betterer merge\` to automatically resolve them:
// https://phenomnomnominal.github.io/betterer/docs/results-file/#merge
//
exports[\`test\`] = {
  value: \`{
    \\"src/index.ts:2053668783\\": [
      [0, 0, 9, \\"Unexpected \\\\'debugger\\\\' statement.\\", \\"3201740415\\"],
      [1, 0, 9, \\"Unexpected \\\\'debugger\\\\' statement.\\", \\"3201740415\\"]
    ]
  }\`
};
"
`;

exports[`betterer should let you override the goal of a file test 2`] = `
Array [
  "🌟 Betterer (0ms):
",
  "🌟 Betterer (0ms): 1 test running...
🤔 test: running \\"test\\"!
",
  "🌟 Betterer (0ms): 1 test running...
✅ test: \\"test\\" got checked for the first time! (2 issues) 🎉
",
  "🎉 Betterer (0ms): 1 test done!
✅ test: \\"test\\" got checked for the first time! (2 issues) 🎉
",
  "🎉 Betterer (0ms): 1 test done!
✅ test: \\"test\\" got checked for the first time! (2 issues) 🎉

1 test got checked. 🤔
1 test got checked for the first time! 🎉
",
  "🌟 Betterer (0ms):
",
  "🌟 Betterer (0ms): 1 test running...
🤔 test: running \\"test\\"!
",
  "🌟 Betterer (0ms): 1 test running...
✅ test: \\"test\\" stayed the same. (2 issues) 😐
",
  "🎉 Betterer (0ms): 1 test done!
✅ test: \\"test\\" stayed the same. (2 issues) 😐
",
  "🎉 Betterer (0ms): 1 test done!
✅ test: \\"test\\" stayed the same. (2 issues) 😐

1 test got checked. 🤔
1 test stayed the same. 😐
",
  "🌟 Betterer (0ms):
",
  "🌟 Betterer (0ms): 1 test running...
🤔 test: running \\"test\\"!
",
  "🌟 Betterer (0ms): 1 test running...
🔥 test: \\"test\\" got worse. (1 new issue, 3 total) 😔
",
  "🌟 Betterer (0ms): 1 test running...
🔥 test: \\"test\\" got worse. (1 new issue, 3 total) 😔

Error: \\"test\\" got worse. (1 new issue, 3 total) 😔
",
  "💥 Betterer (0ms): 1 test done! 1 test errored!
🔥 test: \\"test\\" got worse. (1 new issue, 3 total) 😔
・ 2 existing issues in \\"<project>/fixtures/file-test-goal/src/index.ts\\".
・ New issue in \\"<project>/fixtures/file-test-goal/src/index.ts\\"!
・
・   <project>/fixtures/file-test-goal/src/index.ts
・   1 | debugger;
・   2 | debugger;
・ > 3 | debugger;
・     | ^^^^^^^^^ Unexpected 'debugger' statement.
・

Error: \\"test\\" got worse. (1 new issue, 3 total) 😔
",
  "💥 Betterer (0ms): 1 test done! 1 test errored!
🔥 test: \\"test\\" got worse. (1 new issue, 3 total) 😔
・ 2 existing issues in \\"<project>/fixtures/file-test-goal/src/index.ts\\".
・ New issue in \\"<project>/fixtures/file-test-goal/src/index.ts\\"!
・
・   <project>/fixtures/file-test-goal/src/index.ts
・   1 | debugger;
・   2 | debugger;
・ > 3 | debugger;
・     | ^^^^^^^^^ Unexpected 'debugger' statement.
・

Error: \\"test\\" got worse. (1 new issue, 3 total) 😔

1 test got checked. 🤔
1 test got worse. 😔

You should try to fix the new issues! As a last resort, you can run \`betterer --update\` to force an update of the results file. 🆙
",
  "🌟 Betterer (0ms):
",
  "🌟 Betterer (0ms): 1 test running...
🤔 test: running \\"test\\"!
",
  "🌟 Betterer (0ms): 1 test running...
✅ test: \\"test\\" met its goal! 🎉
",
  "🎉 Betterer (0ms): 1 test done!
✅ test: \\"test\\" met its goal! 🎉
",
  "🎉 Betterer (0ms): 1 test done!
✅ test: \\"test\\" met its goal! 🎉

1 test got checked. 🤔
1 test got better! 😍
1 test met its goal! 🎉
",
  "🌟 Betterer (0ms):
",
  "🌟 Betterer (0ms): 1 test running...
🤔 test: running \\"test\\"!
",
  "🌟 Betterer (0ms): 1 test running...
✅ test: \\"test\\" has already met its goal! ✨
",
  "🎉 Betterer (0ms): 1 test done!
✅ test: \\"test\\" has already met its goal! ✨
",
  "🎉 Betterer (0ms): 1 test done!
✅ test: \\"test\\" has already met its goal! ✨

1 test got checked. 🤔
1 test met its goal! 🎉
",
]
`;
