// Jest Snapshot v1, https://goo.gl/fbAQLP

exports[`betterer should report the existence of RegExp matches 1`] = `
"// BETTERER RESULTS V2.
//
// If this file contains merge conflicts, use \`betterer merge\` to automatically resolve them:
// https://phenomnomnominal.github.io/betterer/docs/results-file/#merge
//
exports[\`regexp\`] = {
  value: \`{
    \\"src/index.ts:4126639614\\": [
      [0, 0, 7, \\"RegExp match\\", \\"645651780\\"]
    ]
  }\`
};
"
`;

exports[`betterer should report the existence of RegExp matches 2`] = `
Array [
  "🌟 Betterer (0ms):
",
  "🌟 Betterer (0ms): 1 test running...
🤔 regexp: running \\"regexp\\"!
",
  "🌟 Betterer (0ms): 1 test running...
✅ regexp: \\"regexp\\" got checked for the first time! (1 issue) 🎉
",
  "🎉 Betterer (0ms): 1 test done!
✅ regexp: \\"regexp\\" got checked for the first time! (1 issue) 🎉
",
  "🎉 Betterer (0ms): 1 test done!
✅ regexp: \\"regexp\\" got checked for the first time! (1 issue) 🎉

1 test got checked. 🤔
1 test got checked for the first time! 🎉
",
  "🌟 Betterer (0ms):
",
  "🌟 Betterer (0ms): 1 test running...
🤔 regexp: running \\"regexp\\"!
",
  "🌟 Betterer (0ms): 1 test running...
✅ regexp: \\"regexp\\" stayed the same. (1 issue) 😐
",
  "🎉 Betterer (0ms): 1 test done!
✅ regexp: \\"regexp\\" stayed the same. (1 issue) 😐
",
  "🎉 Betterer (0ms): 1 test done!
✅ regexp: \\"regexp\\" stayed the same. (1 issue) 😐

1 test got checked. 🤔
1 test stayed the same. 😐
",
  "🌟 Betterer (0ms):
",
  "🌟 Betterer (0ms): 1 test running...
🤔 regexp: running \\"regexp\\"!
",
  "🌟 Betterer (0ms): 1 test running...
🔥 regexp: \\"regexp\\" got worse. (1 new issue, 2 total) 😔
",
  "🌟 Betterer (0ms): 1 test running...
🔥 regexp: \\"regexp\\" got worse. (1 new issue, 2 total) 😔

Error: \\"regexp\\" got worse. (1 new issue, 2 total) 😔
",
  "💥 Betterer (0ms): 1 test done! 1 test errored!
🔥 regexp: \\"regexp\\" got worse. (1 new issue, 2 total) 😔
・ 1 existing issue in \\"<project>/fixtures/regexp/src/index.ts\\".
・ New issue in \\"<project>/fixtures/regexp/src/index.ts\\"!
・
・   <project>/fixtures/regexp/src/index.ts
・   1 | // HACK:
・ > 2 | // HACK:
・     | ^^^^^^^ RegExp match
・

Error: \\"regexp\\" got worse. (1 new issue, 2 total) 😔
",
  "💥 Betterer (0ms): 1 test done! 1 test errored!
🔥 regexp: \\"regexp\\" got worse. (1 new issue, 2 total) 😔
・ 1 existing issue in \\"<project>/fixtures/regexp/src/index.ts\\".
・ New issue in \\"<project>/fixtures/regexp/src/index.ts\\"!
・
・   <project>/fixtures/regexp/src/index.ts
・   1 | // HACK:
・ > 2 | // HACK:
・     | ^^^^^^^ RegExp match
・

Error: \\"regexp\\" got worse. (1 new issue, 2 total) 😔

1 test got checked. 🤔
1 test got worse. 😔

You should try to fix the new issues! As a last resort, you can run \`betterer --update\` to force an update of the results file. 🆙
",
  "🌟 Betterer (0ms):
",
  "🌟 Betterer (0ms): 1 test running...
🤔 regexp: running \\"regexp\\"!
",
  "🌟 Betterer (0ms): 1 test running...
✅ regexp: \\"regexp\\" met its goal! 🎉
",
  "🎉 Betterer (0ms): 1 test done!
✅ regexp: \\"regexp\\" met its goal! 🎉
",
  "🎉 Betterer (0ms): 1 test done!
✅ regexp: \\"regexp\\" met its goal! 🎉

1 test got checked. 🤔
1 test got better! 😍
1 test met its goal! 🎉
",
  "🌟 Betterer (0ms):
",
  "🌟 Betterer (0ms): 1 test running...
🤔 regexp: running \\"regexp\\"!
",
  "🌟 Betterer (0ms): 1 test running...
✅ regexp: \\"regexp\\" has already met its goal! ✨
",
  "🎉 Betterer (0ms): 1 test done!
✅ regexp: \\"regexp\\" has already met its goal! ✨
",
  "🎉 Betterer (0ms): 1 test done!
✅ regexp: \\"regexp\\" has already met its goal! ✨

1 test got checked. 🤔
1 test met its goal! 🎉
",
]
`;
