// Jest Snapshot v1, https://goo.gl/fbAQLP

exports[`betterer --reporter should throw when there is nothing exported 1`] = `
Array [
  "
   / | /     _         _   _
 '-.ooo.-'  | |__  ___| |_| |_ ___ _ __ ___ _ __
---ooooo--- | '_ // _ / __| __/ _ / '__/ _ / '__|
 .-'ooo'-.  | |_)|  __/ |_| ||  __/ | |  __/ |
   / | /    |_.__//___|/__|/__/___|_|  /___|_|


Error: could not require \\"<project>/fixtures/reporter-no-export/reporter.js\\". ðŸ˜”

Error: \\"<project>/fixtures/reporter-no-export/reporter.js\\" didn't create a reporter. ðŸ˜”
",
]
`;
