// Jest Snapshot v1, https://goo.gl/fbAQLP

exports[`betterer should throw if there is no config 1`] = `
Array [
  "
   / | /     _         _   _
 '-.ooo.-'  | |__  ___| |_| |_ ___ _ __ ___ _ __
---ooooo--- | '_ // _ / __| __/ _ / '__/ _ / '__|
 .-'ooo'-.  | |_)|  __/ |_| ||  __/ | |  __/ |
   / | /    |_.__//___|/__|/__/___|_|  /___|_|
",
  "
   / | /     _         _   _
 '-.ooo.-'  | |__  ___| |_| |_ ___ _ __ ___ _ __
---ooooo--- | '_ // _ / __| __/ _ / '__/ _ / '__|
 .-'ooo'-.  | |_)|  __/ |_| ||  __/ | |  __/ |
   / | /    |_.__//___|/__|/__/___|_|  /___|_|


Error: for \`@betterer/stylelint\` to work, you need to provide configuration options, e.g. \`{ rules: { \\"unit-no-unknown\\": true } }\`. ‚ùå
",
]
`;
