// Vitest Snapshot v1, https://vitest.dev/guide/snapshot.html

exports[`betterer > should work when there are no relevant files for a StyleLint test 1`] = `
[
  "🌟 Betterer (0ms):
",
  "🌟 Betterer (0ms): 1 test running...
🤔 stylelint: running "stylelint"!
",
  "🎉 Betterer (0ms): 1 test done!
✅ stylelint: "stylelint" met its goal! 🎉
・ No relevant files found. Are the \`include()\`/\`exclude()\` options for this test correct?
",
  "🎉 Betterer (0ms): 1 test done!
✅ stylelint: "stylelint" met its goal! 🎉
・ No relevant files found. Are the \`include()\`/\`exclude()\` options for this test correct?

1 test got checked. 🤔
1 test met its goal! 🎉
",
]
`;
