// Jest Snapshot v1, https://goo.gl/fbAQLP

exports[`betterer should throw if it doesn't return a BettererTest 1`] = `
Array [
  "
Error: \\"test\\" must return a \`BettererTest\`.
",
]
`;
