// Jest Snapshot v1, https://goo.gl/fbAQLP

exports[`betterer should throw if there is no constraint 1`] = `
Array [
  "
Error: for a test to work, it must have a \`constraint\` function. ‚ùå
",
]
`;
