// Jest Snapshot v1, https://goo.gl/fbAQLP

exports[`betterer should report the existence of TSQuery matches 1`] = `
"// BETTERER RESULTS V2.
//
// If this file contains merge conflicts, use \`betterer merge\` to automatically resolve them:
// https://phenomnomnominal.github.io/betterer/docs/results-file/#merge
//
exports[\`tsquery\`] = {
  value: \`{
    \\"src/index.ts:4087252068\\": [
      [0, 0, 11, \\"TSQuery match\\", \\"3870399096\\"]
    ]
  }\`
};
"
`;

exports[`betterer should report the existence of TSQuery matches 2`] = `
Array [
  "🌟 Betterer (0ms):
",
  "🌟 Betterer (0ms): 1 test running...
🤔 tsquery: running \\"tsquery\\"!
",
  "🌟 Betterer (0ms): 1 test running...
✅ tsquery: \\"tsquery\\" got checked for the first time! (1 issue) 🎉
",
  "🎉 Betterer (0ms): 1 test done!
✅ tsquery: \\"tsquery\\" got checked for the first time! (1 issue) 🎉
",
  "🎉 Betterer (0ms): 1 test done!
✅ tsquery: \\"tsquery\\" got checked for the first time! (1 issue) 🎉

1 test got checked. 🤔
1 test got checked for the first time! 🎉
",
  "🌟 Betterer (0ms):
",
  "🌟 Betterer (0ms): 1 test running...
🤔 tsquery: running \\"tsquery\\"!
",
  "🌟 Betterer (0ms): 1 test running...
✅ tsquery: \\"tsquery\\" stayed the same. (1 issue) 😐
",
  "🎉 Betterer (0ms): 1 test done!
✅ tsquery: \\"tsquery\\" stayed the same. (1 issue) 😐
",
  "🎉 Betterer (0ms): 1 test done!
✅ tsquery: \\"tsquery\\" stayed the same. (1 issue) 😐

1 test got checked. 🤔
1 test stayed the same. 😐
",
  "🌟 Betterer (0ms):
",
  "🌟 Betterer (0ms): 1 test running...
🤔 tsquery: running \\"tsquery\\"!
",
  "🌟 Betterer (0ms): 1 test running...
🔥 tsquery: \\"tsquery\\" got worse. (1 new issue, 2 total) 😔
",
  "🌟 Betterer (0ms): 1 test running...
🔥 tsquery: \\"tsquery\\" got worse. (1 new issue, 2 total) 😔

Error: \\"tsquery\\" got worse. (1 new issue, 2 total) 😔
",
  "💥 Betterer (0ms): 1 test done! 1 test errored!
🔥 tsquery: \\"tsquery\\" got worse. (1 new issue, 2 total) 😔
・ 1 existing issue in \\"<project>/fixtures/tsquery/src/index.ts\\".
・ New issue in \\"<project>/fixtures/tsquery/src/index.ts\\"!
・
・   <project>/fixtures/tsquery/src/index.ts
・   1 | console.log('foo');
・ > 2 | console.log('foo');
・     | ^^^^^^^^^^^ TSQuery match
・

Error: \\"tsquery\\" got worse. (1 new issue, 2 total) 😔
",
  "💥 Betterer (0ms): 1 test done! 1 test errored!
🔥 tsquery: \\"tsquery\\" got worse. (1 new issue, 2 total) 😔
・ 1 existing issue in \\"<project>/fixtures/tsquery/src/index.ts\\".
・ New issue in \\"<project>/fixtures/tsquery/src/index.ts\\"!
・
・   <project>/fixtures/tsquery/src/index.ts
・   1 | console.log('foo');
・ > 2 | console.log('foo');
・     | ^^^^^^^^^^^ TSQuery match
・

Error: \\"tsquery\\" got worse. (1 new issue, 2 total) 😔

1 test got checked. 🤔
1 test got worse. 😔

You should try to fix the new issues! As a last resort, you can run \`betterer --update\` to force an update of the results file. 🆙
",
  "🌟 Betterer (0ms):
",
  "🌟 Betterer (0ms): 1 test running...
🤔 tsquery: running \\"tsquery\\"!
",
  "🌟 Betterer (0ms): 1 test running...
✅ tsquery: \\"tsquery\\" met its goal! 🎉
",
  "🎉 Betterer (0ms): 1 test done!
✅ tsquery: \\"tsquery\\" met its goal! 🎉
",
  "🎉 Betterer (0ms): 1 test done!
✅ tsquery: \\"tsquery\\" met its goal! 🎉

1 test got checked. 🤔
1 test got better! 😍
1 test met its goal! 🎉
",
  "🌟 Betterer (0ms):
",
  "🌟 Betterer (0ms): 1 test running...
🤔 tsquery: running \\"tsquery\\"!
",
  "🌟 Betterer (0ms): 1 test running...
✅ tsquery: \\"tsquery\\" has already met its goal! ✨
",
  "🎉 Betterer (0ms): 1 test done!
✅ tsquery: \\"tsquery\\" has already met its goal! ✨
",
  "🎉 Betterer (0ms): 1 test done!
✅ tsquery: \\"tsquery\\" has already met its goal! ✨

1 test got checked. 🤔
1 test met its goal! 🎉
",
]
`;
