// Jest Snapshot v1, https://goo.gl/fbAQLP

exports[`betterer should report the status of the TypeScript compiler 1`] = `
"// BETTERER RESULTS V2.
//
// If this file contains merge conflicts, use \`betterer merge\` to automatically resolve them:
// https://phenomnomnominal.github.io/betterer/docs/results-file/#merge
//
exports[\`typescript\`] = {
  value: \`{
    \\"src/index.ts:1499252024\\": [
      [2, 12, 1, \\"The left-hand side of an arithmetic operation must be of type \\\\'any\\\\', \\\\'number\\\\', \\\\'bigint\\\\' or an enum type.\\", \\"177604\\"]
    ]
  }\`
};
"
`;

exports[`betterer should report the status of the TypeScript compiler 2`] = `
Array [
  "🌟 Betterer (0ms):
",
  "🌟 Betterer (0ms): 1 test running...
🤔 typescript: running \\"typescript\\"!
",
  "🌟 Betterer (0ms): 1 test running...
✅ typescript: \\"typescript\\" got checked for the first time! (1 issue) 🎉
",
  "🎉 Betterer (0ms): 1 test done!
✅ typescript: \\"typescript\\" got checked for the first time! (1 issue) 🎉
",
  "🎉 Betterer (0ms): 1 test done!
✅ typescript: \\"typescript\\" got checked for the first time! (1 issue) 🎉

1 test got checked. 🤔
1 test got checked for the first time! 🎉
",
  "🌟 Betterer (0ms):
",
  "🌟 Betterer (0ms): 1 test running...
🤔 typescript: running \\"typescript\\"!
",
  "🌟 Betterer (0ms): 1 test running...
✅ typescript: \\"typescript\\" stayed the same. (1 issue) 😐
",
  "🎉 Betterer (0ms): 1 test done!
✅ typescript: \\"typescript\\" stayed the same. (1 issue) 😐
",
  "🎉 Betterer (0ms): 1 test done!
✅ typescript: \\"typescript\\" stayed the same. (1 issue) 😐

1 test got checked. 🤔
1 test stayed the same. 😐
",
  "🌟 Betterer (0ms):
",
  "🌟 Betterer (0ms): 1 test running...
🤔 typescript: running \\"typescript\\"!
",
  "🌟 Betterer (0ms): 1 test running...
🔥 typescript: \\"typescript\\" got worse. (1 new issue, 2 total) 😔
",
  "🌟 Betterer (0ms): 1 test running...
🔥 typescript: \\"typescript\\" got worse. (1 new issue, 2 total) 😔

Error: \\"typescript\\" got worse. (1 new issue, 2 total) 😔
",
  "💥 Betterer (0ms): 1 test done! 1 test errored!
🔥 typescript: \\"typescript\\" got worse. (1 new issue, 2 total) 😔
・ 1 existing issue in \\"<project>/fixtures/typescript/src/index.ts\\".
・ New issue in \\"<project>/fixtures/typescript/src/index.ts\\"!
・
・   <project>/fixtures/typescript/src/index.ts
・   1 | const a = 'a';
・   2 | const one = 1;
・ > 3 | console.log(a * one, one * a);
・     |                            ^ The right-hand side of an arithmetic operation must be of type 'any', 'number', 'bigint' or an enum type.
・

Error: \\"typescript\\" got worse. (1 new issue, 2 total) 😔
",
  "💥 Betterer (0ms): 1 test done! 1 test errored!
🔥 typescript: \\"typescript\\" got worse. (1 new issue, 2 total) 😔
・ 1 existing issue in \\"<project>/fixtures/typescript/src/index.ts\\".
・ New issue in \\"<project>/fixtures/typescript/src/index.ts\\"!
・
・   <project>/fixtures/typescript/src/index.ts
・   1 | const a = 'a';
・   2 | const one = 1;
・ > 3 | console.log(a * one, one * a);
・     |                            ^ The right-hand side of an arithmetic operation must be of type 'any', 'number', 'bigint' or an enum type.
・

Error: \\"typescript\\" got worse. (1 new issue, 2 total) 😔

1 test got checked. 🤔
1 test got worse. 😔

You should try to fix the new issues! As a last resort, you can run \`betterer --update\` to force an update of the results file. 🆙
",
  "🌟 Betterer (0ms):
",
  "🌟 Betterer (0ms): 1 test running...
🤔 typescript: running \\"typescript\\"!
",
  "🌟 Betterer (0ms): 1 test running...
✅ typescript: \\"typescript\\" met its goal! 🎉
",
  "🎉 Betterer (0ms): 1 test done!
✅ typescript: \\"typescript\\" met its goal! 🎉
",
  "🎉 Betterer (0ms): 1 test done!
✅ typescript: \\"typescript\\" met its goal! 🎉

1 test got checked. 🤔
1 test got better! 😍
1 test met its goal! 🎉
",
  "🌟 Betterer (0ms):
",
  "🌟 Betterer (0ms): 1 test running...
🤔 typescript: running \\"typescript\\"!
",
  "🌟 Betterer (0ms): 1 test running...
✅ typescript: \\"typescript\\" has already met its goal! ✨
",
  "🎉 Betterer (0ms): 1 test done!
✅ typescript: \\"typescript\\" has already met its goal! ✨
",
  "🎉 Betterer (0ms): 1 test done!
✅ typescript: \\"typescript\\" has already met its goal! ✨

1 test got checked. 🤔
1 test met its goal! 🎉
",
]
`;
